#
# There is insufficient memory for the Java Runtime Environment to continue.
# Native memory allocation (mmap) failed to map 360710144 bytes. Error detail: G1 virtual space
# Possible reasons:
#   The system is out of physical RAM or swap space
#   This process is running with CompressedOops enabled, and the Java Heap may be blocking the growth of the native heap
# Possible solutions:
#   Reduce memory load on the system
#   Increase physical memory or swap space
#   Check if swap backing store is full
#   Decrease Java heap size (-Xmx/-Xms)
#   Decrease number of Java threads
#   Decrease Java thread stack sizes (-Xss)
#   Set larger code cache with -XX:ReservedCodeCacheSize=
#   JVM is running with Unscaled Compressed Oops mode in which the Java heap is
#     placed in the first 4GB address space. The Java Heap base address is the
#     maximum limit for the native heap growth. Please use -XX:HeapBaseMinAddress
#     to set the Java Heap base and to place the Java Heap above 4GB virtual address.
# This output file may be truncated or incomplete.
#
#  Out of Memory Error (os_windows.cpp:3714), pid=1422704, tid=1432304
#
# JRE version: OpenJDK Runtime Environment Temurin-21.0.10+7 (21.0.10+7) (build 21.0.10+7-LTS)
# Java VM: OpenJDK 64-Bit Server VM Temurin-21.0.10+7 (21.0.10+7-LTS, mixed mode, sharing, tiered, compressed oops, compressed class ptrs, g1 gc, windows-amd64)
# No core dump will be written. Minidumps are not enabled by default on client versions of Windows
#

---------------  S U M M A R Y ------------

Command Line: org.sonarsource.sonarlint.core.backend.cli.SonarLintServerCli

Host: AMD Ryzen 7 7840HS w/ Radeon 780M Graphics     , 16 cores, 7G,  Windows 11 , 64 bit Build 26100 (10.0.26100.8875)
Time: Sun Jul 26 06:59:51 2026 Eastern Daylight Time elapsed time: 57.467126 seconds (0d 0h 0m 57s)

---------------  T H R E A D  ---------------

Current thread (0x0000021affb65a80):  VMThread "VM Thread"          [id=1432304, stack(0x000000b6e2b00000,0x000000b6e2c00000) (1024K)]

Stack: [0x000000b6e2b00000,0x000000b6e2c00000]
Native frames: (J=compiled Java code, j=interpreted, Vv=VM code, C=native code)
V  [jvm.dll+0x6d7a39]
V  [jvm.dll+0x8b4b26]
V  [jvm.dll+0x8b70de]
V  [jvm.dll+0x8b77c3]
V  [jvm.dll+0x284346]
V  [jvm.dll+0x6d4355]
V  [jvm.dll+0x6c808a]
V  [jvm.dll+0x35edb8]
V  [jvm.dll+0x3669f6]
V  [jvm.dll+0x3b7afe]
V  [jvm.dll+0x3b7da8]
V  [jvm.dll+0x332fbc]
V  [jvm.dll+0x333047]
V  [jvm.dll+0x376e1c]
V  [jvm.dll+0x3755be]
V  [jvm.dll+0x332701]
V  [jvm.dll+0x374c2a]
V  [jvm.dll+0x8bd4b0]
V  [jvm.dll+0x8be824]
V  [jvm.dll+0x8bed50]
V  [jvm.dll+0x8beff3]
V  [jvm.dll+0x85f59d]
V  [jvm.dll+0x6d626d]
C  [ucrtbase.dll+0x2cd30]
C  [KERNEL32.DLL+0x2e957]
C  [ntdll.dll+0xaad6c]

VM_Operation (0x000000b6e34fbd20): G1CollectForAllocation, mode: safepoint, requested by thread 0x0000021ad9482150


---------------  P R O C E S S  ---------------

Threads class SMR info:
_java_thread_list=0x0000021ad9575350, length=60, elements={
0x0000021af5b4a140, 0x0000021affb81360, 0x0000021affb82ae0, 0x0000021affb86270,
0x0000021affb86cd0, 0x0000021affb88740, 0x0000021affb891a0, 0x0000021affb89f30,
0x0000021affb94d50, 0x0000021ad8162990, 0x0000021ad816bd40, 0x0000021ad883ed20,
0x0000021ad88988f0, 0x0000021ad8c52690, 0x0000021ad8b67da0, 0x0000021ada3e5710,
0x0000021ada8016c0, 0x0000021ada8023e0, 0x0000021ada7fef60, 0x0000021ada800310,
0x0000021ada7ff5f0, 0x0000021ad947bee0, 0x0000021ad947dfb0, 0x0000021ad947c570,
0x0000021ad947cc00, 0x0000021ad947d290, 0x0000021ad947b850, 0x0000021ad947ecd0,
0x0000021ad947f360, 0x0000021ad947f9f0, 0x0000021ad9480da0, 0x0000021ad9480710,
0x0000021ad947d920, 0x0000021ad9481430, 0x0000021ad9480080, 0x0000021ad9481ac0,
0x0000021ad947e640, 0x0000021ad9482150, 0x0000021ad9482e70, 0x0000021ad94827e0,
0x0000021ad9d7ba40, 0x0000021ad9d7a000, 0x0000021ad9d7c760, 0x0000021ad9d7b3b0,
0x0000021ad9d792e0, 0x0000021ad9d7c0d0, 0x0000021ad9d79970, 0x0000021ad9d7a690,
0x0000021ad9d7ad20, 0x0000021add2e7e80, 0x0000021add2e8510, 0x0000021add2eb300,
0x0000021add2eb990, 0x0000021add2e98c0, 0x0000021add2e8ba0, 0x0000021add2e9230,
0x0000021add2e9f50, 0x0000021add2ecd40, 0x0000021add2ed3d0, 0x0000021add2ea5e0
}

Java Threads: ( => current thread )
  0x0000021af5b4a140 JavaThread "main"                              [_thread_blocked, id=1430956, stack(0x000000b6e2400000,0x000000b6e2500000) (1024K)]
  0x0000021affb81360 JavaThread "Reference Handler"          daemon [_thread_blocked, id=1433764, stack(0x000000b6e2c00000,0x000000b6e2d00000) (1024K)]
  0x0000021affb82ae0 JavaThread "Finalizer"                  daemon [_thread_blocked, id=1407036, stack(0x000000b6e2d00000,0x000000b6e2e00000) (1024K)]
  0x0000021affb86270 JavaThread "Signal Dispatcher"          daemon [_thread_blocked, id=1433452, stack(0x000000b6e2e00000,0x000000b6e2f00000) (1024K)]
  0x0000021affb86cd0 JavaThread "Attach Listener"            daemon [_thread_blocked, id=1398776, stack(0x000000b6e2f00000,0x000000b6e3000000) (1024K)]
  0x0000021affb88740 JavaThread "Service Thread"             daemon [_thread_blocked, id=1429096, stack(0x000000b6e3000000,0x000000b6e3100000) (1024K)]
  0x0000021affb891a0 JavaThread "Monitor Deflation Thread"   daemon [_thread_blocked, id=1433136, stack(0x000000b6e3100000,0x000000b6e3200000) (1024K)]
  0x0000021affb89f30 JavaThread "C2 CompilerThread0"         daemon [_thread_blocked, id=1423760, stack(0x000000b6e3200000,0x000000b6e3300000) (1024K)]
  0x0000021affb94d50 JavaThread "C1 CompilerThread0"         daemon [_thread_blocked, id=1425240, stack(0x000000b6e3300000,0x000000b6e3400000) (1024K)]
  0x0000021ad8162990 JavaThread "Notification Thread"        daemon [_thread_blocked, id=1432552, stack(0x000000b6e3500000,0x000000b6e3600000) (1024K)]
  0x0000021ad816bd40 JavaThread "Common-Cleaner"             daemon [_thread_blocked, id=1432080, stack(0x000000b6e3600000,0x000000b6e3700000) (1024K)]
  0x0000021ad883ed20 JavaThread "Server message writer"             [_thread_blocked, id=1434424, stack(0x000000b6e3d00000,0x000000b6e3e00000) (1024K)]
  0x0000021ad88988f0 JavaThread "Server message writer"             [_thread_blocked, id=1432332, stack(0x000000b6e3e00000,0x000000b6e3f00000) (1024K)]
  0x0000021ad8c52690 JavaThread "Server message reader"             [_thread_blocked, id=1433276, stack(0x000000b6e3f00000,0x000000b6e4000000) (1024K)]
  0x0000021ad8b67da0 JavaThread "SonarLint Server RPC sequential executor"        [_thread_blocked, id=1431760, stack(0x000000b6e4000000,0x000000b6e4100000) (1024K)]
  0x0000021ada3e5710 JavaThread "SentryExecutorServiceThreadFactory-0" daemon [_thread_blocked, id=1428748, stack(0x000000b6e4700000,0x000000b6e4800000) (1024K)]
  0x0000021ada8016c0 JavaThread "httpclient-main-1"          daemon [_thread_blocked, id=1424072, stack(0x000000b6e4b00000,0x000000b6e4c00000) (1024K)]
  0x0000021ada8023e0 JavaThread "httpclient-dispatch-1"      daemon [_thread_blocked, id=1417780, stack(0x000000b6e4c00000,0x000000b6e4d00000) (1024K)]
  0x0000021ada7fef60 JavaThread "httpclient-dispatch-2"      daemon [_thread_blocked, id=1424948, stack(0x000000b6e4d00000,0x000000b6e4e00000) (1024K)]
  0x0000021ada800310 JavaThread "httpclient-dispatch-3"      daemon [_thread_blocked, id=1414468, stack(0x000000b6e4e00000,0x000000b6e4f00000) (1024K)]
  0x0000021ada7ff5f0 JavaThread "httpclient-dispatch-4"      daemon [_thread_blocked, id=1413052, stack(0x000000b6e4f00000,0x000000b6e5000000) (1024K)]
  0x0000021ad947bee0 JavaThread "httpclient-dispatch-5"      daemon [_thread_blocked, id=1359808, stack(0x000000b6e5000000,0x000000b6e5100000) (1024K)]
  0x0000021ad947dfb0 JavaThread "httpclient-dispatch-6"      daemon [_thread_blocked, id=1421296, stack(0x000000b6e5100000,0x000000b6e5200000) (1024K)]
  0x0000021ad947c570 JavaThread "httpclient-dispatch-7"      daemon [_thread_blocked, id=1422044, stack(0x000000b6e5200000,0x000000b6e5300000) (1024K)]
  0x0000021ad947cc00 JavaThread "httpclient-dispatch-8"      daemon [_thread_blocked, id=1341364, stack(0x000000b6e5300000,0x000000b6e5400000) (1024K)]
  0x0000021ad947d290 JavaThread "httpclient-dispatch-9"      daemon [_thread_blocked, id=1234544, stack(0x000000b6e5400000,0x000000b6e5500000) (1024K)]
  0x0000021ad947b850 JavaThread "httpclient-dispatch-10"     daemon [_thread_blocked, id=1426220, stack(0x000000b6e5500000,0x000000b6e5600000) (1024K)]
  0x0000021ad947ecd0 JavaThread "httpclient-dispatch-11"     daemon [_thread_blocked, id=1413080, stack(0x000000b6e5600000,0x000000b6e5700000) (1024K)]
  0x0000021ad947f360 JavaThread "httpclient-dispatch-12"     daemon [_thread_blocked, id=1412340, stack(0x000000b6e5700000,0x000000b6e5800000) (1024K)]
  0x0000021ad947f9f0 JavaThread "httpclient-dispatch-13"     daemon [_thread_blocked, id=1421508, stack(0x000000b6e5800000,0x000000b6e5900000) (1024K)]
  0x0000021ad9480da0 JavaThread "httpclient-dispatch-14"     daemon [_thread_blocked, id=1421724, stack(0x000000b6e5900000,0x000000b6e5a00000) (1024K)]
  0x0000021ad9480710 JavaThread "httpclient-dispatch-15"     daemon [_thread_blocked, id=1426252, stack(0x000000b6e5a00000,0x000000b6e5b00000) (1024K)]
  0x0000021ad947d920 JavaThread "httpclient-dispatch-16"     daemon [_thread_blocked, id=1419144, stack(0x000000b6e5b00000,0x000000b6e5c00000) (1024K)]
  0x0000021ad9481430 JavaThread "SonarLint Telemetry"               [_thread_blocked, id=1428100, stack(0x000000b6e5c00000,0x000000b6e5d00000) (1024K)]
  0x0000021ad9480080 JavaThread "HTTP-listener-64121-1"             [_thread_in_native, id=1374996, stack(0x000000b6e5d00000,0x000000b6e5e00000) (1024K)]
  0x0000021ad9481ac0 JavaThread "SonarLint Local Storage Synchronizer"        [_thread_blocked, id=1423072, stack(0x000000b6e5e00000,0x000000b6e5f00000) (1024K)]
  0x0000021ad947e640 JavaThread "sonarlint-filesystem"              [_thread_blocked, id=1427616, stack(0x000000b6e5f00000,0x000000b6e6000000) (1024K)]
  0x0000021ad9482150 JavaThread "sonarlint-analysis-scheduler"        [_thread_blocked, id=1397556, stack(0x000000b6e3400000,0x000000b6e3500000) (1024K)]
  0x0000021ad9482e70 JavaThread "sonarlint-websocket-subscriber"        [_thread_blocked, id=1419972, stack(0x000000b6e6000000,0x000000b6e6100000) (1024K)]
  0x0000021ad94827e0 JavaThread "sonarlint-server-sent-events-subscriber"        [_thread_blocked, id=1403064, stack(0x000000b6e6100000,0x000000b6e6200000) (1024K)]
  0x0000021ad9d7ba40 JavaThread "SonarLint Server RPC request executor"        [_thread_blocked, id=1432880, stack(0x000000b6e6200000,0x000000b6e6300000) (1024K)]
  0x0000021ad9d7a000 JavaThread "SonarLint Server RPC request executor"        [_thread_blocked, id=1342732, stack(0x000000b6e6300000,0x000000b6e6400000) (1024K)]
  0x0000021ad9d7c760 JavaThread "SonarLint Server RPC request executor"        [_thread_blocked, id=1426584, stack(0x000000b6e6400000,0x000000b6e6500000) (1024K)]
  0x0000021ad9d7b3b0 JavaThread "SonarLint Server RPC request executor"        [_thread_blocked, id=1325088, stack(0x000000b6e6500000,0x000000b6e6600000) (1024K)]
  0x0000021ad9d792e0 JavaThread "SonarLint Server RPC request executor"        [_thread_blocked, id=1432544, stack(0x000000b6e6600000,0x000000b6e6700000) (1024K)]
  0x0000021ad9d7c0d0 JavaThread "SonarLint Server RPC request executor"        [_thread_blocked, id=1423032, stack(0x000000b6e6700000,0x000000b6e6800000) (1024K)]
  0x0000021ad9d79970 JavaThread "JGit-WorkQueue"             daemon [_thread_blocked, id=1426612, stack(0x000000b6e6800000,0x000000b6e6900000) (1024K)]
  0x0000021ad9d7a690 JavaThread "sonarlint-file-exclusions"         [_thread_blocked, id=1427544, stack(0x000000b6e6900000,0x000000b6e6a00000) (1024K)]
  0x0000021ad9d7ad20 JavaThread "HttpClient-1-SelectorManager" daemon [_thread_blocked, id=1340896, stack(0x000000b6e6b00000,0x000000b6e6c00000) (1024K)]
  0x0000021add2e7e80 JavaThread "pool-2-thread-1"                   [_thread_blocked, id=1433744, stack(0x000000b6e6a00000,0x000000b6e6b00000) (1024K)]
  0x0000021add2e8510 JavaThread "pool-2-thread-2"                   [_thread_blocked, id=1423504, stack(0x000000b6e6c00000,0x000000b6e6d00000) (1024K)]
  0x0000021add2eb300 JavaThread "HttpClient-1-Worker-0"      daemon [_thread_blocked, id=1431016, stack(0x000000b6e6d00000,0x000000b6e6e00000) (1024K)]
  0x0000021add2eb990 JavaThread "HttpClient-1-Worker-1"      daemon [_thread_blocked, id=1434328, stack(0x000000b6e6e00000,0x000000b6e6f00000) (1024K)]
  0x0000021add2e98c0 JavaThread "HttpClient-1-Worker-2"      daemon [_thread_blocked, id=1418372, stack(0x000000b6e6f00000,0x000000b6e7000000) (1024K)]
  0x0000021add2e8ba0 JavaThread "pool-2-thread-3"                   [_thread_blocked, id=1429188, stack(0x000000b6e7000000,0x000000b6e7100000) (1024K)]
  0x0000021add2e9230 JavaThread "pool-2-thread-4"                   [_thread_blocked, id=1417988, stack(0x000000b6e7100000,0x000000b6e7200000) (1024K)]
  0x0000021add2e9f50 JavaThread "pool-2-thread-5"                   [_thread_blocked, id=1434388, stack(0x000000b6e7200000,0x000000b6e7300000) (1024K)]
  0x0000021add2ecd40 JavaThread "sonarlint-branch-matcher"          [_thread_blocked, id=1434708, stack(0x000000b6e7500000,0x000000b6e7600000) (1024K)]
  0x0000021add2ed3d0 JavaThread "sonarlint-path-translation"        [_thread_blocked, id=1434712, stack(0x000000b6e7600000,0x000000b6e7700000) (1024K)]
  0x0000021add2ea5e0 JavaThread "sonarlint-finding-streamer"        [_thread_blocked, id=1413556, stack(0x000000b6e7700000,0x000000b6e7800000) (1024K)]
Total: 60

Other Threads:
=>0x0000021affb65a80 VMThread "VM Thread"                           [id=1432304, stack(0x000000b6e2b00000,0x000000b6e2c00000) (1024K)]
  0x0000021affb51f00 WatcherThread "VM Periodic Task Thread"        [id=1431884, stack(0x000000b6e2a00000,0x000000b6e2b00000) (1024K)]
  0x0000021af5b9fb80 WorkerThread "GC Thread#0"                     [id=1434264, stack(0x000000b6e2500000,0x000000b6e2600000) (1024K)]
  0x0000021ad8b33f50 WorkerThread "GC Thread#1"                     [id=1430860, stack(0x000000b6e3700000,0x000000b6e3800000) (1024K)]
  0x0000021ad8b3af00 WorkerThread "GC Thread#2"                     [id=1432044, stack(0x000000b6e3800000,0x000000b6e3900000) (1024K)]
  0x0000021ad88a5fc0 WorkerThread "GC Thread#3"                     [id=1434064, stack(0x000000b6e3900000,0x000000b6e3a00000) (1024K)]
  0x0000021ad88a6370 WorkerThread "GC Thread#4"                     [id=1429164, stack(0x000000b6e3a00000,0x000000b6e3b00000) (1024K)]
  0x0000021ad88a6720 WorkerThread "GC Thread#5"                     [id=1321228, stack(0x000000b6e3b00000,0x000000b6e3c00000) (1024K)]
  0x0000021ad88ab700 WorkerThread "GC Thread#6"                     [id=1433908, stack(0x000000b6e3c00000,0x000000b6e3d00000) (1024K)]
  0x0000021ad8e65490 WorkerThread "GC Thread#7"                     [id=1427760, stack(0x000000b6e4100000,0x000000b6e4200000) (1024K)]
  0x0000021ad8e9f6a0 WorkerThread "GC Thread#8"                     [id=1433304, stack(0x000000b6e4200000,0x000000b6e4300000) (1024K)]
  0x0000021ad8e9fa50 WorkerThread "GC Thread#9"                     [id=1432428, stack(0x000000b6e4300000,0x000000b6e4400000) (1024K)]
  0x0000021ad8d88e50 WorkerThread "GC Thread#10"                    [id=1376592, stack(0x000000b6e4400000,0x000000b6e4500000) (1024K)]
  0x0000021ad95e3620 WorkerThread "GC Thread#11"                    [id=1390116, stack(0x000000b6e4500000,0x000000b6e4600000) (1024K)]
  0x0000021ad95e44e0 WorkerThread "GC Thread#12"                    [id=1421900, stack(0x000000b6e4600000,0x000000b6e4700000) (1024K)]
  0x0000021af5bb08e0 ConcurrentGCThread "G1 Main Marker"            [id=1432244, stack(0x000000b6e2600000,0x000000b6e2700000) (1024K)]
  0x0000021af5bb1300 WorkerThread "G1 Conc#0"                       [id=1311940, stack(0x000000b6e2700000,0x000000b6e2800000) (1024K)]
  0x0000021ad95e3d80 WorkerThread "G1 Conc#1"                       [id=1328972, stack(0x000000b6e4800000,0x000000b6e4900000) (1024K)]
  0x0000021ad95e4130 WorkerThread "G1 Conc#2"                       [id=1337972, stack(0x000000b6e4900000,0x000000b6e4a00000) (1024K)]
  0x0000021af5c0e020 ConcurrentGCThread "G1 Refine#0"               [id=1425844, stack(0x000000b6e2800000,0x000000b6e2900000) (1024K)]
  0x0000021af5c0eab0 ConcurrentGCThread "G1 Service"                [id=1432132, stack(0x000000b6e2900000,0x000000b6e2a00000) (1024K)]
Total: 21

Threads with active compile tasks:
C2 CompilerThread0  57570 8817       4       org.springframework.core.ResolvableType::forType (7 bytes)
Total: 1

VM state: at safepoint (normal execution)

VM Mutex/Monitor currently owned by a thread:  ([mutex/lock_event])
[0x00007ff962a8e560] Threads_lock - owner thread: 0x0000021affb65a80
[0x00007ff962a8e660] Heap_lock - owner thread: 0x0000021ad9482150

Heap address: 0x000000008ce00000, size: 1842 MB, Compressed Oops mode: 32-bit

CDS archive(s) mapped at: [0x0000021a93000000-0x0000021a93ba0000-0x0000021a93ba0000), size 12189696, SharedBaseAddress: 0x0000021a93000000, ArchiveRelocationMode: 1.
Compressed class space mapped at: 0x0000021a94000000-0x0000021ad4000000, reserved size: 1073741824
Narrow klass base: 0x0000021a93000000, Narrow klass shift: 0, Narrow klass range: 0x100000000

GC Precious Log:
 CardTable entry size: 512
 Card Set container configuration: InlinePtr #cards 5 size 8 Array Of Cards #cards 12 size 40 Howl #buckets 4 coarsen threshold 1843 Howl Bitmap #cards 512 size 80 coarsen threshold 460 Card regions per heap region 1 cards per card region 2048
 CPUs: 16 total, 16 available
 Memory: 7362M
 Large Page Support: Disabled
 NUMA Support: Disabled
 Compressed Oops: Enabled (32-bit)
 Heap Region Size: 1M
 Heap Min Capacity: 8M
 Heap Initial Capacity: 116M
 Heap Max Capacity: 1842M
 Pre-touch: Disabled
 Parallel Workers: 13
 Concurrent Workers: 3
 Concurrent Refinement Workers: 13
 Periodic GC: Disabled

Heap:
 garbage-first heap   total 190464K, used 71887K [0x000000008ce00000, 0x0000000100000000)
  region size 1024K, 4 young (4096K), 4 survivors (4096K)
 Metaspace       used 81135K, committed 82368K, reserved 1179648K
  class space    used 9028K, committed 9600K, reserved 1048576K

Heap Regions: E=young(eden), S=young(survivor), O=old, HS=humongous(starts), HC=humongous(continues), CS=collection set, F=free, TAMS=top-at-mark-start, PB=parsable bottom
|   0|0x000000008ce00000, 0x000000008cf00000, 0x000000008cf00000|100%|HS|  |TAMS 0x000000008cf00000| PB 0x000000008ce00000| Complete 
|   1|0x000000008cf00000, 0x000000008d000000, 0x000000008d000000|100%| O|  |TAMS 0x000000008d000000| PB 0x000000008cf00000| Untracked 
|   2|0x000000008d000000, 0x000000008d100000, 0x000000008d100000|100%| O|  |TAMS 0x000000008d100000| PB 0x000000008d000000| Untracked 
|   3|0x000000008d100000, 0x000000008d200000, 0x000000008d200000|100%| O|  |TAMS 0x000000008d200000| PB 0x000000008d100000| Untracked 
|   4|0x000000008d200000, 0x000000008d300000, 0x000000008d300000|100%| O|  |TAMS 0x000000008d300000| PB 0x000000008d200000| Untracked 
|   5|0x000000008d300000, 0x000000008d400000, 0x000000008d400000|100%| O|  |TAMS 0x000000008d400000| PB 0x000000008d300000| Untracked 
|   6|0x000000008d400000, 0x000000008d500000, 0x000000008d500000|100%| O|  |TAMS 0x000000008d500000| PB 0x000000008d400000| Untracked 
|   7|0x000000008d500000, 0x000000008d600000, 0x000000008d600000|100%| O|  |TAMS 0x000000008d600000| PB 0x000000008d500000| Untracked 
|   8|0x000000008d600000, 0x000000008d700000, 0x000000008d700000|100%| O|  |TAMS 0x000000008d700000| PB 0x000000008d600000| Untracked 
|   9|0x000000008d700000, 0x000000008d800000, 0x000000008d800000|100%| O|  |TAMS 0x000000008d800000| PB 0x000000008d700000| Untracked 
|  10|0x000000008d800000, 0x000000008d900000, 0x000000008d900000|100%| O|  |TAMS 0x000000008d900000| PB 0x000000008d800000| Untracked 
|  11|0x000000008d900000, 0x000000008da00000, 0x000000008da00000|100%| O|  |TAMS 0x000000008da00000| PB 0x000000008d900000| Untracked 
|  12|0x000000008da00000, 0x000000008db00000, 0x000000008db00000|100%| O|  |TAMS 0x000000008db00000| PB 0x000000008da00000| Untracked 
|  13|0x000000008db00000, 0x000000008dc00000, 0x000000008dc00000|100%| O|  |TAMS 0x000000008dc00000| PB 0x000000008db00000| Untracked 
|  14|0x000000008dc00000, 0x000000008dd00000, 0x000000008dd00000|100%| O|  |TAMS 0x000000008dd00000| PB 0x000000008dc00000| Untracked 
|  15|0x000000008dd00000, 0x000000008de00000, 0x000000008de00000|100%| O|  |TAMS 0x000000008de00000| PB 0x000000008dd00000| Untracked 
|  16|0x000000008de00000, 0x000000008df00000, 0x000000008df00000|100%| O|  |TAMS 0x000000008df00000| PB 0x000000008de00000| Untracked 
|  17|0x000000008df00000, 0x000000008e000000, 0x000000008e000000|100%| O|  |TAMS 0x000000008e000000| PB 0x000000008df00000| Untracked 
|  18|0x000000008e000000, 0x000000008e100000, 0x000000008e100000|100%| O|  |TAMS 0x000000008e100000| PB 0x000000008e000000| Untracked 
|  19|0x000000008e100000, 0x000000008e200000, 0x000000008e200000|100%| O|  |TAMS 0x000000008e200000| PB 0x000000008e100000| Untracked 
|  20|0x000000008e200000, 0x000000008e300000, 0x000000008e300000|100%| O|  |TAMS 0x000000008e300000| PB 0x000000008e200000| Untracked 
|  21|0x000000008e300000, 0x000000008e400000, 0x000000008e400000|100%| O|  |TAMS 0x000000008e400000| PB 0x000000008e300000| Untracked 
|  22|0x000000008e400000, 0x000000008e500000, 0x000000008e500000|100%| O|  |TAMS 0x000000008e500000| PB 0x000000008e400000| Untracked 
|  23|0x000000008e500000, 0x000000008e600000, 0x000000008e600000|100%| O|  |TAMS 0x000000008e600000| PB 0x000000008e500000| Untracked 
|  24|0x000000008e600000, 0x000000008e700000, 0x000000008e700000|100%| O|  |TAMS 0x000000008e700000| PB 0x000000008e600000| Untracked 
|  25|0x000000008e700000, 0x000000008e800000, 0x000000008e800000|100%| O|  |TAMS 0x000000008e800000| PB 0x000000008e700000| Untracked 
|  26|0x000000008e800000, 0x000000008e900000, 0x000000008e900000|100%| O|  |TAMS 0x000000008e900000| PB 0x000000008e800000| Untracked 
|  27|0x000000008e900000, 0x000000008ea00000, 0x000000008ea00000|100%| O|  |TAMS 0x000000008ea00000| PB 0x000000008e900000| Untracked 
|  28|0x000000008ea00000, 0x000000008eb00000, 0x000000008eb00000|100%| O|  |TAMS 0x000000008eb00000| PB 0x000000008ea00000| Untracked 
|  29|0x000000008eb00000, 0x000000008ec00000, 0x000000008ec00000|100%| O|  |TAMS 0x000000008ec00000| PB 0x000000008eb00000| Untracked 
|  30|0x000000008ec00000, 0x000000008ed00000, 0x000000008ed00000|100%| O|  |TAMS 0x000000008ed00000| PB 0x000000008ec00000| Untracked 
|  31|0x000000008ed00000, 0x000000008ee00000, 0x000000008ee00000|100%| O|  |TAMS 0x000000008ee00000| PB 0x000000008ed00000| Untracked 
|  32|0x000000008ee00000, 0x000000008ef00000, 0x000000008ef00000|100%| O|  |TAMS 0x000000008ef00000| PB 0x000000008ee00000| Untracked 
|  33|0x000000008ef00000, 0x000000008f000000, 0x000000008f000000|100%| O|  |TAMS 0x000000008f000000| PB 0x000000008ef00000| Untracked 
|  34|0x000000008f000000, 0x000000008f100000, 0x000000008f100000|100%| O|  |TAMS 0x000000008f100000| PB 0x000000008f000000| Untracked 
|  35|0x000000008f100000, 0x000000008f200000, 0x000000008f200000|100%| O|  |TAMS 0x000000008f200000| PB 0x000000008f100000| Untracked 
|  36|0x000000008f200000, 0x000000008f300000, 0x000000008f300000|100%| O|  |TAMS 0x000000008f300000| PB 0x000000008f200000| Untracked 
|  37|0x000000008f300000, 0x000000008f400000, 0x000000008f400000|100%| O|  |TAMS 0x000000008f400000| PB 0x000000008f300000| Untracked 
|  38|0x000000008f400000, 0x000000008f400000, 0x000000008f500000|  0%| F|  |TAMS 0x000000008f400000| PB 0x000000008f400000| Untracked 
|  39|0x000000008f500000, 0x000000008f500000, 0x000000008f600000|  0%| F|  |TAMS 0x000000008f500000| PB 0x000000008f500000| Untracked 
|  40|0x000000008f600000, 0x000000008f700000, 0x000000008f700000|100%| O|  |TAMS 0x000000008f700000| PB 0x000000008f600000| Untracked 
|  41|0x000000008f700000, 0x000000008f800000, 0x000000008f800000|100%| O|  |TAMS 0x000000008f800000| PB 0x000000008f700000| Untracked 
|  42|0x000000008f800000, 0x000000008f900000, 0x000000008f900000|100%| O|  |TAMS 0x000000008f900000| PB 0x000000008f800000| Untracked 
|  43|0x000000008f900000, 0x000000008fa00000, 0x000000008fa00000|100%| O|  |TAMS 0x000000008fa00000| PB 0x000000008f900000| Untracked 
|  44|0x000000008fa00000, 0x000000008fb00000, 0x000000008fb00000|100%| O|  |TAMS 0x000000008fb00000| PB 0x000000008fa00000| Untracked 
|  45|0x000000008fb00000, 0x000000008fc00000, 0x000000008fc00000|100%| O|  |TAMS 0x000000008fc00000| PB 0x000000008fb00000| Untracked 
|  46|0x000000008fc00000, 0x000000008fd00000, 0x000000008fd00000|100%| O|  |TAMS 0x000000008fd00000| PB 0x000000008fc00000| Untracked 
|  47|0x000000008fd00000, 0x000000008fe00000, 0x000000008fe00000|100%| O|  |TAMS 0x000000008fe00000| PB 0x000000008fd00000| Untracked 
|  48|0x000000008fe00000, 0x000000008ff00000, 0x000000008ff00000|100%| O|  |TAMS 0x000000008ff00000| PB 0x000000008fe00000| Untracked 
|  49|0x000000008ff00000, 0x0000000090000000, 0x0000000090000000|100%| O|  |TAMS 0x0000000090000000| PB 0x000000008ff00000| Untracked 
|  50|0x0000000090000000, 0x0000000090100000, 0x0000000090100000|100%| O|  |TAMS 0x0000000090100000| PB 0x0000000090000000| Untracked 
|  51|0x0000000090100000, 0x0000000090200000, 0x0000000090200000|100%| O|  |TAMS 0x0000000090200000| PB 0x0000000090100000| Untracked 
|  52|0x0000000090200000, 0x0000000090300000, 0x0000000090300000|100%| O|  |TAMS 0x0000000090300000| PB 0x0000000090200000| Untracked 
|  53|0x0000000090300000, 0x0000000090400000, 0x0000000090400000|100%| O|  |TAMS 0x0000000090400000| PB 0x0000000090300000| Untracked 
|  54|0x0000000090400000, 0x0000000090400000, 0x0000000090500000|  0%| F|  |TAMS 0x0000000090400000| PB 0x0000000090400000| Untracked 
|  55|0x0000000090500000, 0x0000000090600000, 0x0000000090600000|100%| O|  |TAMS 0x0000000090600000| PB 0x0000000090500000| Untracked 
|  56|0x0000000090600000, 0x0000000090700000, 0x0000000090700000|100%| O|  |TAMS 0x0000000090700000| PB 0x0000000090600000| Untracked 
|  57|0x0000000090700000, 0x0000000090700000, 0x0000000090800000|  0%| F|  |TAMS 0x0000000090700000| PB 0x0000000090700000| Untracked 
|  58|0x0000000090800000, 0x0000000090900000, 0x0000000090900000|100%| O|  |TAMS 0x0000000090900000| PB 0x0000000090800000| Untracked 
|  59|0x0000000090900000, 0x0000000090a00000, 0x0000000090a00000|100%| O|  |TAMS 0x0000000090a00000| PB 0x0000000090900000| Untracked 
|  60|0x0000000090a00000, 0x0000000090b00000, 0x0000000090b00000|100%| O|  |TAMS 0x0000000090b00000| PB 0x0000000090a00000| Untracked 
|  61|0x0000000090b00000, 0x0000000090c00000, 0x0000000090c00000|100%| O|  |TAMS 0x0000000090c00000| PB 0x0000000090b00000| Untracked 
|  62|0x0000000090c00000, 0x0000000090d00000, 0x0000000090d00000|100%| O|  |TAMS 0x0000000090d00000| PB 0x0000000090c00000| Untracked 
|  63|0x0000000090d00000, 0x0000000090e00000, 0x0000000090e00000|100%| O|  |TAMS 0x0000000090e00000| PB 0x0000000090d00000| Untracked 
|  64|0x0000000090e00000, 0x0000000090e00000, 0x0000000090f00000|  0%| F|  |TAMS 0x0000000090e00000| PB 0x0000000090e00000| Untracked 
|  65|0x0000000090f00000, 0x0000000091000000, 0x0000000091000000|100%| O|  |TAMS 0x0000000091000000| PB 0x0000000090f00000| Untracked 
|  66|0x0000000091000000, 0x0000000091100000, 0x0000000091100000|100%| O|  |TAMS 0x0000000091100000| PB 0x0000000091000000| Untracked 
|  67|0x0000000091100000, 0x0000000091100000, 0x0000000091200000|  0%| F|  |TAMS 0x0000000091100000| PB 0x0000000091100000| Untracked 
|  68|0x0000000091200000, 0x0000000091200000, 0x0000000091300000|  0%| F|  |TAMS 0x0000000091200000| PB 0x0000000091200000| Untracked 
|  69|0x0000000091300000, 0x0000000091300000, 0x0000000091400000|  0%| F|  |TAMS 0x0000000091300000| PB 0x0000000091300000| Untracked 
|  70|0x0000000091400000, 0x0000000091400000, 0x0000000091500000|  0%| F|  |TAMS 0x0000000091400000| PB 0x0000000091400000| Untracked 
|  71|0x0000000091500000, 0x0000000091500000, 0x0000000091600000|  0%| F|  |TAMS 0x0000000091500000| PB 0x0000000091500000| Untracked 
|  72|0x0000000091600000, 0x0000000091600000, 0x0000000091700000|  0%| F|  |TAMS 0x0000000091600000| PB 0x0000000091600000| Untracked 
|  73|0x0000000091700000, 0x0000000091700000, 0x0000000091800000|  0%| F|  |TAMS 0x0000000091700000| PB 0x0000000091700000| Untracked 
|  74|0x0000000091800000, 0x0000000091800000, 0x0000000091900000|  0%| F|  |TAMS 0x0000000091800000| PB 0x0000000091800000| Untracked 
|  75|0x0000000091900000, 0x0000000091900000, 0x0000000091a00000|  0%| F|  |TAMS 0x0000000091900000| PB 0x0000000091900000| Untracked 
|  76|0x0000000091a00000, 0x0000000091a00000, 0x0000000091b00000|  0%| F|  |TAMS 0x0000000091a00000| PB 0x0000000091a00000| Untracked 
|  77|0x0000000091b00000, 0x0000000091b00000, 0x0000000091c00000|  0%| F|  |TAMS 0x0000000091b00000| PB 0x0000000091b00000| Untracked 
|  78|0x0000000091c00000, 0x0000000091c00000, 0x0000000091d00000|  0%| F|  |TAMS 0x0000000091c00000| PB 0x0000000091c00000| Untracked 
|  79|0x0000000091d00000, 0x0000000091d00000, 0x0000000091e00000|  0%| F|  |TAMS 0x0000000091d00000| PB 0x0000000091d00000| Untracked 
|  80|0x0000000091e00000, 0x0000000091e00000, 0x0000000091f00000|  0%| F|  |TAMS 0x0000000091e00000| PB 0x0000000091e00000| Untracked 
|  81|0x0000000091f00000, 0x0000000091f00000, 0x0000000092000000|  0%| F|  |TAMS 0x0000000091f00000| PB 0x0000000091f00000| Untracked 
|  82|0x0000000092000000, 0x0000000092000000, 0x0000000092100000|  0%| F|  |TAMS 0x0000000092000000| PB 0x0000000092000000| Untracked 
|  83|0x0000000092100000, 0x0000000092100000, 0x0000000092200000|  0%| F|  |TAMS 0x0000000092100000| PB 0x0000000092100000| Untracked 
|  84|0x0000000092200000, 0x0000000092200000, 0x0000000092300000|  0%| F|  |TAMS 0x0000000092200000| PB 0x0000000092200000| Untracked 
|  85|0x0000000092300000, 0x0000000092400000, 0x0000000092400000|100%| O|  |TAMS 0x0000000092400000| PB 0x0000000092300000| Untracked 
|  86|0x0000000092400000, 0x0000000092400000, 0x0000000092500000|  0%| F|  |TAMS 0x0000000092400000| PB 0x0000000092400000| Untracked 
|  87|0x0000000092500000, 0x0000000092500000, 0x0000000092600000|  0%| F|  |TAMS 0x0000000092500000| PB 0x0000000092500000| Untracked 
|  88|0x0000000092600000, 0x0000000092600000, 0x0000000092700000|  0%| F|  |TAMS 0x0000000092600000| PB 0x0000000092600000| Untracked 
|  89|0x0000000092700000, 0x0000000092700000, 0x0000000092800000|  0%| F|  |TAMS 0x0000000092700000| PB 0x0000000092700000| Untracked 
|  90|0x0000000092800000, 0x0000000092800000, 0x0000000092900000|  0%| F|  |TAMS 0x0000000092800000| PB 0x0000000092800000| Untracked 
|  91|0x0000000092900000, 0x0000000092900000, 0x0000000092a00000|  0%| F|  |TAMS 0x0000000092900000| PB 0x0000000092900000| Untracked 
|  92|0x0000000092a00000, 0x0000000092a00000, 0x0000000092b00000|  0%| F|  |TAMS 0x0000000092a00000| PB 0x0000000092a00000| Untracked 
|  93|0x0000000092b00000, 0x0000000092b00000, 0x0000000092c00000|  0%| F|  |TAMS 0x0000000092b00000| PB 0x0000000092b00000| Untracked 
|  94|0x0000000092c00000, 0x0000000092c00000, 0x0000000092d00000|  0%| F|  |TAMS 0x0000000092c00000| PB 0x0000000092c00000| Untracked 
|  95|0x0000000092d00000, 0x0000000092d00000, 0x0000000092e00000|  0%| F|  |TAMS 0x0000000092d00000| PB 0x0000000092d00000| Untracked 
|  96|0x0000000092e00000, 0x0000000092e00000, 0x0000000092f00000|  0%| F|  |TAMS 0x0000000092e00000| PB 0x0000000092e00000| Untracked 
|  97|0x0000000092f00000, 0x0000000092f00000, 0x0000000093000000|  0%| F|  |TAMS 0x0000000092f00000| PB 0x0000000092f00000| Untracked 
|  98|0x0000000093000000, 0x0000000093000000, 0x0000000093100000|  0%| F|  |TAMS 0x0000000093000000| PB 0x0000000093000000| Untracked 
|  99|0x0000000093100000, 0x0000000093100000, 0x0000000093200000|  0%| F|  |TAMS 0x0000000093100000| PB 0x0000000093100000| Untracked 
| 100|0x0000000093200000, 0x0000000093200000, 0x0000000093300000|  0%| F|  |TAMS 0x0000000093200000| PB 0x0000000093200000| Untracked 
| 101|0x0000000093300000, 0x0000000093300000, 0x0000000093400000|  0%| F|  |TAMS 0x0000000093300000| PB 0x0000000093300000| Untracked 
| 102|0x0000000093400000, 0x0000000093400000, 0x0000000093500000|  0%| F|  |TAMS 0x0000000093400000| PB 0x0000000093400000| Untracked 
| 103|0x0000000093500000, 0x0000000093500000, 0x0000000093600000|  0%| F|  |TAMS 0x0000000093500000| PB 0x0000000093500000| Untracked 
| 104|0x0000000093600000, 0x0000000093600000, 0x0000000093700000|  0%| F|  |TAMS 0x0000000093600000| PB 0x0000000093600000| Untracked 
| 105|0x0000000093700000, 0x0000000093700000, 0x0000000093800000|  0%| F|  |TAMS 0x0000000093700000| PB 0x0000000093700000| Untracked 
| 106|0x0000000093800000, 0x0000000093800000, 0x0000000093900000|  0%| F|  |TAMS 0x0000000093800000| PB 0x0000000093800000| Untracked 
| 107|0x0000000093900000, 0x0000000093900000, 0x0000000093a00000|  0%| F|  |TAMS 0x0000000093900000| PB 0x0000000093900000| Untracked 
| 108|0x0000000093a00000, 0x0000000093a00000, 0x0000000093b00000|  0%| F|  |TAMS 0x0000000093a00000| PB 0x0000000093a00000| Untracked 
| 109|0x0000000093b00000, 0x0000000093b00000, 0x0000000093c00000|  0%| F|  |TAMS 0x0000000093b00000| PB 0x0000000093b00000| Untracked 
| 110|0x0000000093c00000, 0x0000000093c00000, 0x0000000093d00000|  0%| F|  |TAMS 0x0000000093c00000| PB 0x0000000093c00000| Untracked 
| 111|0x0000000093d00000, 0x0000000093d00000, 0x0000000093e00000|  0%| F|  |TAMS 0x0000000093d00000| PB 0x0000000093d00000| Untracked 
| 112|0x0000000093e00000, 0x0000000093e00000, 0x0000000093f00000|  0%| F|  |TAMS 0x0000000093e00000| PB 0x0000000093e00000| Untracked 
| 113|0x0000000093f00000, 0x0000000093f00000, 0x0000000094000000|  0%| F|  |TAMS 0x0000000093f00000| PB 0x0000000093f00000| Untracked 
| 114|0x0000000094000000, 0x0000000094000000, 0x0000000094100000|  0%| F|  |TAMS 0x0000000094000000| PB 0x0000000094000000| Untracked 
| 115|0x0000000094100000, 0x0000000094100000, 0x0000000094200000|  0%| F|  |TAMS 0x0000000094100000| PB 0x0000000094100000| Untracked 
| 116|0x0000000094200000, 0x0000000094200000, 0x0000000094300000|  0%| F|  |TAMS 0x0000000094200000| PB 0x0000000094200000| Untracked 
| 117|0x0000000094300000, 0x0000000094300000, 0x0000000094400000|  0%| F|  |TAMS 0x0000000094300000| PB 0x0000000094300000| Untracked 
| 118|0x0000000094400000, 0x0000000094400000, 0x0000000094500000|  0%| F|  |TAMS 0x0000000094400000| PB 0x0000000094400000| Untracked 
| 119|0x0000000094500000, 0x0000000094500000, 0x0000000094600000|  0%| F|  |TAMS 0x0000000094500000| PB 0x0000000094500000| Untracked 
| 120|0x0000000094600000, 0x0000000094600000, 0x0000000094700000|  0%| F|  |TAMS 0x0000000094600000| PB 0x0000000094600000| Untracked 
| 121|0x0000000094700000, 0x0000000094700000, 0x0000000094800000|  0%| F|  |TAMS 0x0000000094700000| PB 0x0000000094700000| Untracked 
| 122|0x0000000094800000, 0x0000000094800000, 0x0000000094900000|  0%| F|  |TAMS 0x0000000094800000| PB 0x0000000094800000| Untracked 
| 123|0x0000000094900000, 0x0000000094900000, 0x0000000094a00000|  0%| F|  |TAMS 0x0000000094900000| PB 0x0000000094900000| Untracked 
| 124|0x0000000094a00000, 0x0000000094a00000, 0x0000000094b00000|  0%| F|  |TAMS 0x0000000094a00000| PB 0x0000000094a00000| Untracked 
| 125|0x0000000094b00000, 0x0000000094b00000, 0x0000000094c00000|  0%| F|  |TAMS 0x0000000094b00000| PB 0x0000000094b00000| Untracked 
| 126|0x0000000094c00000, 0x0000000094c00000, 0x0000000094d00000|  0%| F|  |TAMS 0x0000000094c00000| PB 0x0000000094c00000| Untracked 
| 127|0x0000000094d00000, 0x0000000094d00000, 0x0000000094e00000|  0%| F|  |TAMS 0x0000000094d00000| PB 0x0000000094d00000| Untracked 
| 128|0x0000000094e00000, 0x0000000094e00000, 0x0000000094f00000|  0%| F|  |TAMS 0x0000000094e00000| PB 0x0000000094e00000| Untracked 
| 129|0x0000000094f00000, 0x0000000094f00000, 0x0000000095000000|  0%| F|  |TAMS 0x0000000094f00000| PB 0x0000000094f00000| Untracked 
| 130|0x0000000095000000, 0x0000000095000000, 0x0000000095100000|  0%| F|  |TAMS 0x0000000095000000| PB 0x0000000095000000| Untracked 
| 131|0x0000000095100000, 0x0000000095100000, 0x0000000095200000|  0%| F|  |TAMS 0x0000000095100000| PB 0x0000000095100000| Untracked 
| 132|0x0000000095200000, 0x0000000095200000, 0x0000000095300000|  0%| F|  |TAMS 0x0000000095200000| PB 0x0000000095200000| Untracked 
| 133|0x0000000095300000, 0x0000000095300000, 0x0000000095400000|  0%| F|  |TAMS 0x0000000095300000| PB 0x0000000095300000| Untracked 
| 134|0x0000000095400000, 0x0000000095400000, 0x0000000095500000|  0%| F|  |TAMS 0x0000000095400000| PB 0x0000000095400000| Untracked 
| 135|0x0000000095500000, 0x0000000095500000, 0x0000000095600000|  0%| F|  |TAMS 0x0000000095500000| PB 0x0000000095500000| Untracked 
| 136|0x0000000095600000, 0x0000000095600000, 0x0000000095700000|  0%| F|  |TAMS 0x0000000095600000| PB 0x0000000095600000| Untracked 
| 137|0x0000000095700000, 0x0000000095700000, 0x0000000095800000|  0%| F|  |TAMS 0x0000000095700000| PB 0x0000000095700000| Untracked 
| 138|0x0000000095800000, 0x0000000095800000, 0x0000000095900000|  0%| F|  |TAMS 0x0000000095800000| PB 0x0000000095800000| Untracked 
| 139|0x0000000095900000, 0x0000000095900000, 0x0000000095a00000|  0%| F|  |TAMS 0x0000000095900000| PB 0x0000000095900000| Untracked 
| 140|0x0000000095a00000, 0x0000000095a00000, 0x0000000095b00000|  0%| F|  |TAMS 0x0000000095a00000| PB 0x0000000095a00000| Untracked 
| 141|0x0000000095b00000, 0x0000000095b00000, 0x0000000095c00000|  0%| F|  |TAMS 0x0000000095b00000| PB 0x0000000095b00000| Untracked 
| 142|0x0000000095c00000, 0x0000000095c00000, 0x0000000095d00000|  0%| F|  |TAMS 0x0000000095c00000| PB 0x0000000095c00000| Untracked 
| 143|0x0000000095d00000, 0x0000000095d00000, 0x0000000095e00000|  0%| F|  |TAMS 0x0000000095d00000| PB 0x0000000095d00000| Untracked 
| 144|0x0000000095e00000, 0x0000000095e00000, 0x0000000095f00000|  0%| F|  |TAMS 0x0000000095e00000| PB 0x0000000095e00000| Untracked 
| 145|0x0000000095f00000, 0x0000000095f00000, 0x0000000096000000|  0%| F|  |TAMS 0x0000000095f00000| PB 0x0000000095f00000| Untracked 
| 146|0x0000000096000000, 0x0000000096000000, 0x0000000096100000|  0%| F|  |TAMS 0x0000000096000000| PB 0x0000000096000000| Untracked 
| 147|0x0000000096100000, 0x0000000096100000, 0x0000000096200000|  0%| F|  |TAMS 0x0000000096100000| PB 0x0000000096100000| Untracked 
| 148|0x0000000096200000, 0x0000000096200000, 0x0000000096300000|  0%| F|  |TAMS 0x0000000096200000| PB 0x0000000096200000| Untracked 
| 149|0x0000000096300000, 0x0000000096300000, 0x0000000096400000|  0%| F|  |TAMS 0x0000000096300000| PB 0x0000000096300000| Untracked 
| 150|0x0000000096400000, 0x0000000096400000, 0x0000000096500000|  0%| F|  |TAMS 0x0000000096400000| PB 0x0000000096400000| Untracked 
| 151|0x0000000096500000, 0x0000000096500000, 0x0000000096600000|  0%| F|  |TAMS 0x0000000096500000| PB 0x0000000096500000| Untracked 
| 152|0x0000000096600000, 0x0000000096600000, 0x0000000096700000|  0%| F|  |TAMS 0x0000000096600000| PB 0x0000000096600000| Untracked 
| 153|0x0000000096700000, 0x0000000096700000, 0x0000000096800000|  0%| F|  |TAMS 0x0000000096700000| PB 0x0000000096700000| Untracked 
| 154|0x0000000096800000, 0x0000000096800000, 0x0000000096900000|  0%| F|  |TAMS 0x0000000096800000| PB 0x0000000096800000| Untracked 
| 155|0x0000000096900000, 0x0000000096900000, 0x0000000096a00000|  0%| F|  |TAMS 0x0000000096900000| PB 0x0000000096900000| Untracked 
| 156|0x0000000096a00000, 0x0000000096a00000, 0x0000000096b00000|  0%| F|  |TAMS 0x0000000096a00000| PB 0x0000000096a00000| Untracked 
| 157|0x0000000096b00000, 0x0000000096b00000, 0x0000000096c00000|  0%| F|  |TAMS 0x0000000096b00000| PB 0x0000000096b00000| Untracked 
| 158|0x0000000096c00000, 0x0000000096c00000, 0x0000000096d00000|  0%| F|  |TAMS 0x0000000096c00000| PB 0x0000000096c00000| Untracked 
| 159|0x0000000096d00000, 0x0000000096d00000, 0x0000000096e00000|  0%| F|  |TAMS 0x0000000096d00000| PB 0x0000000096d00000| Untracked 
| 160|0x0000000096e00000, 0x0000000096e00000, 0x0000000096f00000|  0%| F|  |TAMS 0x0000000096e00000| PB 0x0000000096e00000| Untracked 
| 161|0x0000000096f00000, 0x0000000096f00000, 0x0000000097000000|  0%| F|  |TAMS 0x0000000096f00000| PB 0x0000000096f00000| Untracked 
| 162|0x0000000097000000, 0x0000000097000000, 0x0000000097100000|  0%| F|  |TAMS 0x0000000097000000| PB 0x0000000097000000| Untracked 
| 163|0x0000000097100000, 0x0000000097100000, 0x0000000097200000|  0%| F|  |TAMS 0x0000000097100000| PB 0x0000000097100000| Untracked 
| 164|0x0000000097200000, 0x0000000097200000, 0x0000000097300000|  0%| F|  |TAMS 0x0000000097200000| PB 0x0000000097200000| Untracked 
| 165|0x0000000097300000, 0x0000000097300000, 0x0000000097400000|  0%| F|  |TAMS 0x0000000097300000| PB 0x0000000097300000| Untracked 
| 166|0x0000000097400000, 0x0000000097400000, 0x0000000097500000|  0%| F|  |TAMS 0x0000000097400000| PB 0x0000000097400000| Untracked 
| 167|0x0000000097500000, 0x0000000097500000, 0x0000000097600000|  0%| F|  |TAMS 0x0000000097500000| PB 0x0000000097500000| Untracked 
| 168|0x0000000097600000, 0x0000000097600000, 0x0000000097700000|  0%| F|  |TAMS 0x0000000097600000| PB 0x0000000097600000| Untracked 
| 169|0x0000000097700000, 0x0000000097700000, 0x0000000097800000|  0%| F|  |TAMS 0x0000000097700000| PB 0x0000000097700000| Untracked 
| 170|0x0000000097800000, 0x0000000097800000, 0x0000000097900000|  0%| F|  |TAMS 0x0000000097800000| PB 0x0000000097800000| Untracked 
| 171|0x0000000097900000, 0x0000000097900000, 0x0000000097a00000|  0%| F|  |TAMS 0x0000000097900000| PB 0x0000000097900000| Untracked 
| 172|0x0000000097a00000, 0x0000000097a00000, 0x0000000097b00000|  0%| F|  |TAMS 0x0000000097a00000| PB 0x0000000097a00000| Untracked 
| 173|0x0000000097b00000, 0x0000000097b00000, 0x0000000097c00000|  0%| F|  |TAMS 0x0000000097b00000| PB 0x0000000097b00000| Untracked 
| 174|0x0000000097c00000, 0x0000000097c00000, 0x0000000097d00000|  0%| F|  |TAMS 0x0000000097c00000| PB 0x0000000097c00000| Untracked 
| 175|0x0000000097d00000, 0x0000000097d00000, 0x0000000097e00000|  0%| F|  |TAMS 0x0000000097d00000| PB 0x0000000097d00000| Untracked 
| 176|0x0000000097e00000, 0x0000000097f00000, 0x0000000097f00000|100%| S|CS|TAMS 0x0000000097e00000| PB 0x0000000097e00000| Complete 
| 177|0x0000000097f00000, 0x0000000098000000, 0x0000000098000000|100%| S|CS|TAMS 0x0000000097f00000| PB 0x0000000097f00000| Complete 
| 178|0x0000000098000000, 0x0000000098100000, 0x0000000098100000|100%| S|CS|TAMS 0x0000000098000000| PB 0x0000000098000000| Complete 
| 179|0x0000000098100000, 0x0000000098113de0, 0x0000000098200000|  7%| S|CS|TAMS 0x0000000098100000| PB 0x0000000098100000| Complete 
|1836|0x00000000ffa00000, 0x00000000ffa20010, 0x00000000ffb00000| 12%| O|  |TAMS 0x00000000ffa20010| PB 0x00000000ffa00000| Untracked 
|1837|0x00000000ffb00000, 0x00000000ffc00000, 0x00000000ffc00000|100%| O|  |TAMS 0x00000000ffc00000| PB 0x00000000ffb00000| Untracked 
|1838|0x00000000ffc00000, 0x00000000ffd00000, 0x00000000ffd00000|100%| O|  |TAMS 0x00000000ffd00000| PB 0x00000000ffc00000| Untracked 
|1839|0x00000000ffd00000, 0x00000000ffd00000, 0x00000000ffe00000|  0%| F|  |TAMS 0x00000000ffd00000| PB 0x00000000ffd00000| Untracked 
|1840|0x00000000ffe00000, 0x00000000fff00000, 0x00000000fff00000|100%| O|  |TAMS 0x00000000fff00000| PB 0x00000000ffe00000| Untracked 
|1841|0x00000000fff00000, 0x0000000100000000, 0x0000000100000000|100%| O|  |TAMS 0x0000000100000000| PB 0x00000000fff00000| Untracked 

Card table byte_map: [0x0000021afe7a0000,0x0000021afeb40000] _byte_map_base: 0x0000021afe339000

Marking Bits: (CMBitMap*) 0x0000021af5ba11b0
 Bits: [0x0000021a8f000000, 0x0000021a90cc8000)

Polling page: 0x0000021af5f30000

Metaspace:

Usage:
  Non-class:     70.42 MB used.
      Class:      8.82 MB used.
       Both:     79.23 MB used.

Virtual space:
  Non-class space:      128.00 MB reserved,      71.06 MB ( 56%) committed,  2 nodes.
      Class space:        1.00 GB reserved,       9.38 MB ( <1%) committed,  1 nodes.
             Both:        1.12 GB reserved,      80.44 MB (  7%) committed. 

Chunk freelists:
   Non-Class:  8.86 MB
       Class:  6.51 MB
        Both:  15.37 MB

MaxMetaspaceSize: unlimited
CompressedClassSpaceSize: 1.00 GB
Initial GC threshold: 21.00 MB
Current GC threshold: 133.56 MB
CDS: on
 - commit_granule_bytes: 65536.
 - commit_granule_words: 8192.
 - virtual_space_node_default_size: 8388608.
 - enlarge_chunks_in_place: 1.
 - use_allocation_guard: 0.


Internal statistics:

num_allocs_failed_limit: 17.
num_arena_births: 1820.
num_arena_deaths: 0.
num_vsnodes_births: 3.
num_vsnodes_deaths: 0.
num_space_committed: 1284.
num_space_uncommitted: 0.
num_chunks_returned_to_freelist: 17.
num_chunks_taken_from_freelist: 4898.
num_chunk_merges: 17.
num_chunk_splits: 3459.
num_chunks_enlarged: 2406.
num_inconsistent_stats: 0.

CodeHeap 'non-profiled nmethods': size=119168Kb used=4383Kb max_used=4383Kb free=114785Kb
 bounds [0x0000021a87ba0000, 0x0000021a87ff0000, 0x0000021a8f000000]
CodeHeap 'profiled nmethods': size=119104Kb used=15453Kb max_used=15453Kb free=103650Kb
 bounds [0x0000021a80000000, 0x0000021a80f20000, 0x0000021a87450000]
CodeHeap 'non-nmethods': size=7488Kb used=1752Kb max_used=2389Kb free=5736Kb
 bounds [0x0000021a87450000, 0x0000021a876c0000, 0x0000021a87ba0000]
CodeCache: size=245760Kb, used=21588Kb, max_used=22225Kb, free=224171Kb
 total_blobs=8347, nmethods=7622, adapters=629, full_count=0
Compilation: enabled, stopped_count=0, restarted_count=0

Compilation events (20 events):
Event: 56.283 Thread 0x0000021affb94d50 8812       3       org.apache.commons.codec.digest.DigestUtils::getMd5Digest (6 bytes)
Event: 56.283 Thread 0x0000021affb94d50 nmethod 8812 0x0000021a80f14a10 code [0x0000021a80f14be0, 0x0000021a80f14ea0]
Event: 56.284 Thread 0x0000021affb94d50 8813       1       org.sonarsource.sonarlint.core.analysis.container.analysis.filesystem.SonarLintFileSystem::predicates (5 bytes)
Event: 56.285 Thread 0x0000021affb94d50 nmethod 8813 0x0000021a87fe6f10 code [0x0000021a87fe70a0, 0x0000021a87fe7168]
Event: 56.285 Thread 0x0000021affb94d50 8814       1       org.sonarsource.sonarlint.core.analysis.api.Flow::locations (5 bytes)
Event: 56.285 Thread 0x0000021affb94d50 nmethod 8814 0x0000021a87fe7210 code [0x0000021a87fe73a0, 0x0000021a87fe7468]
Event: 56.285 Thread 0x0000021affb89f30 nmethod 8799 0x0000021a87fe7510 code [0x0000021a87fe76a0, 0x0000021a87fe7780]
Event: 56.285 Thread 0x0000021affb89f30 8816       4       java.lang.invoke.Invokers$Holder::linkToTargetMethod (11 bytes)
Event: 56.286 Thread 0x0000021affb89f30 nmethod 8816 0x0000021a87fe7890 code [0x0000021a87fe7a20, 0x0000021a87fe7b28]
Event: 56.287 Thread 0x0000021affb89f30 8817       4       org.springframework.core.ResolvableType::forType (7 bytes)
Event: 56.307 Thread 0x0000021affb94d50 8820       3       java.io.FileDescriptor$1::setHandle (6 bytes)
Event: 56.307 Thread 0x0000021affb94d50 nmethod 8820 0x0000021a80f15010 code [0x0000021a80f151c0, 0x0000021a80f154a8]
Event: 56.307 Thread 0x0000021affb94d50 8821       3       java.io.FileDescriptor::setHandle (33 bytes)
Event: 56.307 Thread 0x0000021affb94d50 nmethod 8821 0x0000021a80f15610 code [0x0000021a80f157c0, 0x0000021a80f15a40]
Event: 56.307 Thread 0x0000021affb94d50 8822       3       java.io.FileDescriptor$1::registerCleanup (5 bytes)
Event: 56.307 Thread 0x0000021affb94d50 nmethod 8822 0x0000021a80f15b10 code [0x0000021a80f15cc0, 0x0000021a80f15df8]
Event: 56.347 Thread 0x0000021affb94d50 8823       3       org.springframework.util.ReflectionUtils::makeAccessible (36 bytes)
Event: 56.350 Thread 0x0000021affb94d50 nmethod 8823 0x0000021a80f15e90 code [0x0000021a80f160c0, 0x0000021a80f16878]
Event: 56.350 Thread 0x0000021affb94d50 8824   !   3       sun.nio.fs.WindowsNativeDispatcher::CreateFile (83 bytes)
Event: 56.355 Thread 0x0000021affb94d50 nmethod 8824 0x0000021a80f16b10 code [0x0000021a80f16d60, 0x0000021a80f17320]

GC Heap History (20 events):
Event: 16.966 GC heap after
{Heap after GC invocations=22 (full 0):
 garbage-first heap   total 118784K, used 62073K [0x000000008ce00000, 0x0000000100000000)
  region size 1024K, 4 young (4096K), 4 survivors (4096K)
 Metaspace       used 62749K, committed 63744K, reserved 1114112K
  class space    used 6902K, committed 7360K, reserved 1048576K
}
Event: 17.332 GC heap before
{Heap before GC invocations=22 (full 0):
 garbage-first heap   total 118784K, used 106105K [0x000000008ce00000, 0x0000000100000000)
  region size 1024K, 47 young (48128K), 4 survivors (4096K)
 Metaspace       used 64219K, committed 65216K, reserved 1114112K
  class space    used 7141K, committed 7616K, reserved 1048576K
}
Event: 17.335 GC heap after
{Heap after GC invocations=23 (full 0):
 garbage-first heap   total 118784K, used 67547K [0x000000008ce00000, 0x0000000100000000)
  region size 1024K, 6 young (6144K), 6 survivors (6144K)
 Metaspace       used 64219K, committed 65216K, reserved 1114112K
  class space    used 7141K, committed 7616K, reserved 1048576K
}
Event: 22.914 GC heap before
{Heap before GC invocations=24 (full 0):
 garbage-first heap   total 118784K, used 105435K [0x000000008ce00000, 0x0000000100000000)
  region size 1024K, 43 young (44032K), 6 survivors (6144K)
 Metaspace       used 74416K, committed 75584K, reserved 1179648K
  class space    used 8205K, committed 8768K, reserved 1048576K
}
Event: 22.918 GC heap after
{Heap after GC invocations=25 (full 0):
 garbage-first heap   total 118784K, used 70501K [0x000000008ce00000, 0x0000000100000000)
  region size 1024K, 3 young (3072K), 3 survivors (3072K)
 Metaspace       used 74416K, committed 75584K, reserved 1179648K
  class space    used 8205K, committed 8768K, reserved 1048576K
}
Event: 23.880 GC heap before
{Heap before GC invocations=25 (full 0):
 garbage-first heap   total 118784K, used 107365K [0x000000008ce00000, 0x0000000100000000)
  region size 1024K, 39 young (39936K), 3 survivors (3072K)
 Metaspace       used 80709K, committed 81920K, reserved 1179648K
  class space    used 9013K, committed 9600K, reserved 1048576K
}
Event: 23.885 GC heap after
{Heap after GC invocations=26 (full 0):
 garbage-first heap   total 118784K, used 71744K [0x000000008ce00000, 0x0000000100000000)
  region size 1024K, 3 young (3072K), 3 survivors (3072K)
 Metaspace       used 80709K, committed 81920K, reserved 1179648K
  class space    used 9013K, committed 9600K, reserved 1048576K
}
Event: 26.193 GC heap before
{Heap before GC invocations=26 (full 0):
 garbage-first heap   total 118784K, used 92224K [0x000000008ce00000, 0x0000000100000000)
  region size 1024K, 24 young (24576K), 3 survivors (3072K)
 Metaspace       used 80840K, committed 82048K, reserved 1179648K
  class space    used 9015K, committed 9600K, reserved 1048576K
}
Event: 26.196 GC heap after
{Heap after GC invocations=27 (full 0):
 garbage-first heap   total 118784K, used 73717K [0x000000008ce00000, 0x0000000100000000)
  region size 1024K, 5 young (5120K), 5 survivors (5120K)
 Metaspace       used 80840K, committed 82048K, reserved 1179648K
  class space    used 9015K, committed 9600K, reserved 1048576K
}
Event: 55.176 GC heap before
{Heap before GC invocations=28 (full 0):
 garbage-first heap   total 132096K, used 126965K [0x000000008ce00000, 0x0000000100000000)
  region size 1024K, 39 young (39936K), 5 survivors (5120K)
 Metaspace       used 81081K, committed 82240K, reserved 1179648K
  class space    used 9024K, committed 9600K, reserved 1048576K
}
Event: 55.249 GC heap after
{Heap after GC invocations=29 (full 0):
 garbage-first heap   total 172032K, used 73672K [0x000000008ce00000, 0x0000000100000000)
  region size 1024K, 3 young (3072K), 3 survivors (3072K)
 Metaspace       used 81081K, committed 82240K, reserved 1179648K
  class space    used 9024K, committed 9600K, reserved 1048576K
}
Event: 55.731 GC heap before
{Heap before GC invocations=29 (full 0):
 garbage-first heap   total 172032K, used 169928K [0x000000008ce00000, 0x0000000100000000)
  region size 1024K, 53 young (54272K), 3 survivors (3072K)
 Metaspace       used 81098K, committed 82240K, reserved 1179648K
  class space    used 9027K, committed 9600K, reserved 1048576K
}
Event: 55.746 GC heap after
{Heap after GC invocations=30 (full 0):
 garbage-first heap   total 177152K, used 72199K [0x000000008ce00000, 0x0000000100000000)
  region size 1024K, 4 young (4096K), 4 survivors (4096K)
 Metaspace       used 81098K, committed 82240K, reserved 1179648K
  class space    used 9027K, committed 9600K, reserved 1048576K
}
Event: 55.748 GC heap before
{Heap before GC invocations=30 (full 0):
 garbage-first heap   total 177152K, used 72199K [0x000000008ce00000, 0x0000000100000000)
  region size 1024K, 5 young (5120K), 4 survivors (4096K)
 Metaspace       used 81100K, committed 82240K, reserved 1179648K
  class space    used 9027K, committed 9600K, reserved 1048576K
}
Event: 55.796 GC heap after
{Heap after GC invocations=31 (full 0):
 garbage-first heap   total 177152K, used 71894K [0x000000008ce00000, 0x0000000100000000)
  region size 1024K, 4 young (4096K), 4 survivors (4096K)
 Metaspace       used 81100K, committed 82240K, reserved 1179648K
  class space    used 9027K, committed 9600K, reserved 1048576K
}
Event: 55.982 GC heap before
{Heap before GC invocations=31 (full 0):
 garbage-first heap   total 177152K, used 174294K [0x000000008ce00000, 0x0000000100000000)
  region size 1024K, 57 young (58368K), 4 survivors (4096K)
 Metaspace       used 81113K, committed 82240K, reserved 1179648K
  class space    used 9028K, committed 9600K, reserved 1048576K
}
Event: 55.989 GC heap after
{Heap after GC invocations=32 (full 0):
 garbage-first heap   total 181248K, used 72502K [0x000000008ce00000, 0x0000000100000000)
  region size 1024K, 4 young (4096K), 4 survivors (4096K)
 Metaspace       used 81113K, committed 82240K, reserved 1179648K
  class space    used 9028K, committed 9600K, reserved 1048576K
}
Event: 56.217 GC heap before
{Heap before GC invocations=32 (full 0):
 garbage-first heap   total 182272K, used 180022K [0x000000008ce00000, 0x0000000100000000)
  region size 1024K, 60 young (61440K), 4 survivors (4096K)
 Metaspace       used 81125K, committed 82304K, reserved 1179648K
  class space    used 9028K, committed 9600K, reserved 1048576K
}
Event: 56.222 GC heap after
{Heap after GC invocations=33 (full 0):
 garbage-first heap   total 186368K, used 71890K [0x000000008ce00000, 0x0000000100000000)
  region size 1024K, 4 young (4096K), 4 survivors (4096K)
 Metaspace       used 81125K, committed 82304K, reserved 1179648K
  class space    used 9028K, committed 9600K, reserved 1048576K
}
Event: 56.402 GC heap before
{Heap before GC invocations=33 (full 0):
 garbage-first heap   total 186368K, used 183506K [0x000000008ce00000, 0x0000000100000000)
  region size 1024K, 62 young (63488K), 4 survivors (4096K)
 Metaspace       used 81135K, committed 82368K, reserved 1179648K
  class space    used 9028K, committed 9600K, reserved 1048576K
}

Dll operation events (12 events):
Event: 0.061 Loaded shared library C:\USERS\LANGL\APPDATA\LOCAL\MICROSOFT\VISUALSTUDIO\17.0_DD0FA730\EXTENSIONS\WLMTHUGS.4I2\Sloop\jre\bin\java.dll
Event: 0.132 Loaded shared library C:\USERS\LANGL\APPDATA\LOCAL\MICROSOFT\VISUALSTUDIO\17.0_DD0FA730\EXTENSIONS\WLMTHUGS.4I2\Sloop\jre\bin\jsvml.dll
Event: 0.288 Loaded shared library C:\Users\langl\AppData\Local\Microsoft\VisualStudio\17.0_dd0fa730\Extensions\wlmthugs.4i2\Sloop\jre\bin\net.dll
Event: 0.291 Loaded shared library C:\Users\langl\AppData\Local\Microsoft\VisualStudio\17.0_dd0fa730\Extensions\wlmthugs.4i2\Sloop\jre\bin\nio.dll
Event: 0.295 Loaded shared library C:\Users\langl\AppData\Local\Microsoft\VisualStudio\17.0_dd0fa730\Extensions\wlmthugs.4i2\Sloop\jre\bin\zip.dll
Event: 0.571 Loaded shared library C:\USERS\LANGL\APPDATA\LOCAL\MICROSOFT\VISUALSTUDIO\17.0_DD0FA730\EXTENSIONS\WLMTHUGS.4I2\Sloop\jre\bin\verify.dll
Event: 0.740 Loaded shared library C:\Users\langl\AppData\Local\Microsoft\VisualStudio\17.0_dd0fa730\Extensions\wlmthugs.4i2\Sloop\jre\bin\jimage.dll
Event: 3.979 Loaded shared library C:\Users\langl\AppData\Local\Microsoft\VisualStudio\17.0_dd0fa730\Extensions\wlmthugs.4i2\Sloop\jre\bin\extnet.dll
Event: 5.364 Loaded shared library C:\Users\langl\AppData\Local\Microsoft\VisualStudio\17.0_dd0fa730\Extensions\wlmthugs.4i2\Sloop\jre\bin\sunmscapi.dll
Event: 20.288 Loaded shared library C:\Users\langl\AppData\Local\Temp\sonarsource-cfamily-jni13258786138979117024.dll
Event: 22.842 Loaded shared library C:\Users\langl\AppData\Local\Microsoft\VisualStudio\17.0_dd0fa730\Extensions\wlmthugs.4i2\Sloop\jre\bin\management.dll
Event: 22.853 Loaded shared library C:\Users\langl\AppData\Local\Microsoft\VisualStudio\17.0_dd0fa730\Extensions\wlmthugs.4i2\Sloop\jre\bin\management_ext.dll

Deoptimization events (20 events):
Event: 54.680 Thread 0x0000021ad9482150 DEOPT PACKING pc=0x0000021a80e66110 sp=0x000000b6e34fdc60
Event: 54.680 Thread 0x0000021ad9482150 DEOPT UNPACKING pc=0x0000021a874a86e2 sp=0x000000b6e34fd108 mode 0
Event: 54.681 Thread 0x0000021ad9482150 DEOPT PACKING pc=0x0000021a80e66110 sp=0x000000b6e34fdc60
Event: 54.681 Thread 0x0000021ad9482150 DEOPT UNPACKING pc=0x0000021a874a86e2 sp=0x000000b6e34fd108 mode 0
Event: 54.762 Thread 0x0000021ad9482150 Uncommon trap: trap_request=0xffffff76 fr.pc=0x0000021a87d54d9c relative=0x00000000000001dc
Event: 54.762 Thread 0x0000021ad9482150 Uncommon trap: reason=predicate action=maybe_recompile pc=0x0000021a87d54d9c method=sun.security.provider.DigestBase.implCompressMultiBlock0([BII)I @ 2 c2
Event: 54.762 Thread 0x0000021ad9482150 DEOPT PACKING pc=0x0000021a87d54d9c sp=0x000000b6e34fdf00
Event: 54.762 Thread 0x0000021ad9482150 DEOPT UNPACKING pc=0x0000021a874a7ba2 sp=0x000000b6e34fdec8 mode 2
Event: 54.841 Thread 0x0000021ad9482150 Uncommon trap: trap_request=0xffffff45 fr.pc=0x0000021a87c1c938 relative=0x00000000000003d8
Event: 54.841 Thread 0x0000021ad9482150 Uncommon trap: reason=unstable_if action=reinterpret pc=0x0000021a87c1c938 method=java.util.HashMap.getNode(Ljava/lang/Object;)Ljava/util/HashMap$Node; @ 85 c2
Event: 54.841 Thread 0x0000021ad9482150 DEOPT PACKING pc=0x0000021a87c1c938 sp=0x000000b6e34fd9f0
Event: 54.841 Thread 0x0000021ad9482150 DEOPT UNPACKING pc=0x0000021a874a7ba2 sp=0x000000b6e34fd900 mode 2
Event: 54.845 Thread 0x0000021ad9482150 Uncommon trap: trap_request=0xffffff45 fr.pc=0x0000021a87f58738 relative=0x00000000000003d8
Event: 54.845 Thread 0x0000021ad9482150 Uncommon trap: reason=unstable_if action=reinterpret pc=0x0000021a87f58738 method=java.util.HashMap.getNode(Ljava/lang/Object;)Ljava/util/HashMap$Node; @ 85 c2
Event: 54.845 Thread 0x0000021ad9482150 DEOPT PACKING pc=0x0000021a87f58738 sp=0x000000b6e34fd7c0
Event: 54.845 Thread 0x0000021ad9482150 DEOPT UNPACKING pc=0x0000021a874a7ba2 sp=0x000000b6e34fd740 mode 2
Event: 54.930 Thread 0x0000021ad9482150 DEOPT PACKING pc=0x0000021a8007e2da sp=0x000000b6e34fde40
Event: 54.930 Thread 0x0000021ad9482150 DEOPT UNPACKING pc=0x0000021a874a86e2 sp=0x000000b6e34fd2d8 mode 0
Event: 55.339 Thread 0x0000021ad9482150 DEOPT PACKING pc=0x0000021a80ed8600 sp=0x000000b6e34fd600
Event: 55.340 Thread 0x0000021ad9482150 DEOPT UNPACKING pc=0x0000021a874a86e2 sp=0x000000b6e34fcaa8 mode 0

Classes loaded (20 events):
Event: 23.481 Loading class java/util/stream/ReduceOps$4
Event: 23.482 Loading class java/util/stream/ReduceOps$4 done
Event: 23.482 Loading class java/util/stream/ReduceOps$4ReducingSink
Event: 23.482 Loading class java/util/stream/ReduceOps$4ReducingSink done
Event: 23.482 Loading class java/util/stream/ReduceOps$5
Event: 23.482 Loading class java/util/stream/ReduceOps$5 done
Event: 23.482 Loading class java/util/stream/ReduceOps$CountingSink$OfRef
Event: 23.483 Loading class java/util/stream/ReduceOps$CountingSink
Event: 23.483 Loading class java/util/stream/ReduceOps$CountingSink done
Event: 23.483 Loading class java/util/stream/ReduceOps$CountingSink$OfRef done
Event: 23.738 Loading class java/util/stream/ReduceOps$2
Event: 23.738 Loading class java/util/stream/ReduceOps$2 done
Event: 23.738 Loading class java/util/stream/ReduceOps$2ReducingSink
Event: 23.738 Loading class java/util/stream/ReduceOps$2ReducingSink done
Event: 25.658 Loading class java/lang/foreign/MemorySegment
Event: 25.659 Loading class java/lang/foreign/MemorySegment done
Event: 25.792 Loading class java/util/LinkedList$DescendingIterator
Event: 25.793 Loading class java/util/LinkedList$DescendingIterator done
Event: 54.693 Loading class java/lang/StringUTF16$LinesSpliterator
Event: 54.720 Loading class java/lang/StringUTF16$LinesSpliterator done

Classes unloaded (0 events):
No events

Classes redefined (0 events):
No events

Internal exceptions (20 events):
Event: 23.743 Thread 0x0000021ad9482150 Exception <a 'sun/nio/fs/WindowsException'{0x00000000922c30f0}> (0x00000000922c30f0) 
thrown [s\src\hotspot\share\prims\jni.cpp, line 520]
Event: 23.754 Thread 0x0000021ad9482150 Exception <a 'sun/nio/fs/WindowsException'{0x00000000921a8e70}> (0x00000000921a8e70) 
thrown [s\src\hotspot\share\prims\jni.cpp, line 520]
Event: 23.754 Thread 0x0000021ad9482150 Exception <a 'sun/nio/fs/WindowsException'{0x00000000921a95d8}> (0x00000000921a95d8) 
thrown [s\src\hotspot\share\prims\jni.cpp, line 520]
Event: 23.754 Thread 0x0000021ad9482150 Exception <a 'sun/nio/fs/WindowsException'{0x00000000921acf00}> (0x00000000921acf00) 
thrown [s\src\hotspot\share\prims\jni.cpp, line 520]
Event: 23.755 Thread 0x0000021ad9482150 Exception <a 'sun/nio/fs/WindowsException'{0x00000000921ad668}> (0x00000000921ad668) 
thrown [s\src\hotspot\share\prims\jni.cpp, line 520]
Event: 23.755 Thread 0x0000021ad9482150 Exception <a 'sun/nio/fs/WindowsException'{0x00000000921ae7f0}> (0x00000000921ae7f0) 
thrown [s\src\hotspot\share\prims\jni.cpp, line 520]
Event: 23.755 Thread 0x0000021ad9482150 Exception <a 'sun/nio/fs/WindowsException'{0x00000000921aef58}> (0x00000000921aef58) 
thrown [s\src\hotspot\share\prims\jni.cpp, line 520]
Event: 23.763 Thread 0x0000021ad9482150 Exception <a 'sun/nio/fs/WindowsException'{0x00000000920fc9c8}> (0x00000000920fc9c8) 
thrown [s\src\hotspot\share\prims\jni.cpp, line 520]
Event: 23.763 Thread 0x0000021ad9482150 Exception <a 'sun/nio/fs/WindowsException'{0x00000000920fd130}> (0x00000000920fd130) 
thrown [s\src\hotspot\share\prims\jni.cpp, line 520]
Event: 23.764 Thread 0x0000021ad9482150 Exception <a 'sun/nio/fs/WindowsException'{0x0000000091f00ca8}> (0x0000000091f00ca8) 
thrown [s\src\hotspot\share\prims\jni.cpp, line 520]
Event: 23.764 Thread 0x0000021ad9482150 Exception <a 'sun/nio/fs/WindowsException'{0x0000000091f01410}> (0x0000000091f01410) 
thrown [s\src\hotspot\share\prims\jni.cpp, line 520]
Event: 23.764 Thread 0x0000021ad9482150 Exception <a 'sun/nio/fs/WindowsException'{0x0000000091f02598}> (0x0000000091f02598) 
thrown [s\src\hotspot\share\prims\jni.cpp, line 520]
Event: 23.764 Thread 0x0000021ad9482150 Exception <a 'sun/nio/fs/WindowsException'{0x0000000091f02d00}> (0x0000000091f02d00) 
thrown [s\src\hotspot\share\prims\jni.cpp, line 520]
Event: 23.772 Thread 0x0000021ad9482150 Exception <a 'sun/nio/fs/WindowsException'{0x0000000091e403a0}> (0x0000000091e403a0) 
thrown [s\src\hotspot\share\prims\jni.cpp, line 520]
Event: 23.772 Thread 0x0000021ad9482150 Exception <a 'sun/nio/fs/WindowsException'{0x0000000091e40b08}> (0x0000000091e40b08) 
thrown [s\src\hotspot\share\prims\jni.cpp, line 520]
Event: 23.773 Thread 0x0000021ad9482150 Exception <a 'sun/nio/fs/WindowsException'{0x0000000091e44430}> (0x0000000091e44430) 
thrown [s\src\hotspot\share\prims\jni.cpp, line 520]
Event: 23.773 Thread 0x0000021ad9482150 Exception <a 'sun/nio/fs/WindowsException'{0x0000000091e44b98}> (0x0000000091e44b98) 
thrown [s\src\hotspot\share\prims\jni.cpp, line 520]
Event: 23.774 Thread 0x0000021ad9482150 Exception <a 'sun/nio/fs/WindowsException'{0x0000000091e45d20}> (0x0000000091e45d20) 
thrown [s\src\hotspot\share\prims\jni.cpp, line 520]
Event: 23.774 Thread 0x0000021ad9482150 Exception <a 'sun/nio/fs/WindowsException'{0x0000000091e46488}> (0x0000000091e46488) 
thrown [s\src\hotspot\share\prims\jni.cpp, line 520]
Event: 26.275 Thread 0x0000021add2ea5e0 Exception <a 'java/lang/InterruptedException'{0x0000000094883c60}: sleep interrupted> (0x0000000094883c60) 
thrown [s\src\hotspot\share\prims\jvm.cpp, line 3087]

ZGC Phase Switch (0 events):
No events

VM Operations (20 events):
Event: 43.395 Executing safepoint VM operation: Cleanup done
Event: 44.406 Executing safepoint VM operation: Cleanup
Event: 44.408 Executing safepoint VM operation: Cleanup done
Event: 48.428 Executing safepoint VM operation: Cleanup
Event: 48.428 Executing safepoint VM operation: Cleanup done
Event: 50.454 Executing safepoint VM operation: Cleanup
Event: 50.454 Executing safepoint VM operation: Cleanup done
Event: 54.505 Executing safepoint VM operation: Cleanup
Event: 54.523 Executing safepoint VM operation: Cleanup done
Event: 55.174 Executing safepoint VM operation: G1CollectForAllocation (G1 Evacuation Pause)
Event: 55.249 Executing safepoint VM operation: G1CollectForAllocation (G1 Evacuation Pause) done
Event: 55.731 Executing safepoint VM operation: G1CollectForAllocation (G1 Evacuation Pause)
Event: 55.746 Executing safepoint VM operation: G1CollectForAllocation (G1 Evacuation Pause) done
Event: 55.748 Executing safepoint VM operation: G1TryInitiateConcMark (G1 Humongous Allocation)
Event: 55.797 Executing safepoint VM operation: G1TryInitiateConcMark (G1 Humongous Allocation) done
Event: 55.980 Executing safepoint VM operation: G1CollectForAllocation (G1 Evacuation Pause)
Event: 55.989 Executing safepoint VM operation: G1CollectForAllocation (G1 Evacuation Pause) done
Event: 56.214 Executing safepoint VM operation: G1CollectForAllocation (G1 Evacuation Pause)
Event: 56.222 Executing safepoint VM operation: G1CollectForAllocation (G1 Evacuation Pause) done
Event: 56.348 Executing safepoint VM operation: G1CollectForAllocation (G1 Evacuation Pause)

Memory protections (0 events):
No events

Nmethod flushes (20 events):
Event: 26.237 Thread 0x0000021affb65a80 flushing  nmethod 0x0000021a805a2e10
Event: 26.237 Thread 0x0000021affb65a80 flushing  nmethod 0x0000021a80707d90
Event: 26.237 Thread 0x0000021affb65a80 flushing  nmethod 0x0000021a807f2510
Event: 26.237 Thread 0x0000021affb65a80 flushing  nmethod 0x0000021a80089710
Event: 26.237 Thread 0x0000021affb65a80 flushing  nmethod 0x0000021a8008e910
Event: 26.237 Thread 0x0000021affb65a80 flushing  nmethod 0x0000021a80117f90
Event: 26.237 Thread 0x0000021affb65a80 flushing  nmethod 0x0000021a80118f90
Event: 26.237 Thread 0x0000021affb65a80 flushing  nmethod 0x0000021a80205190
Event: 26.237 Thread 0x0000021affb65a80 flushing  nmethod 0x0000021a80323490
Event: 26.237 Thread 0x0000021affb65a80 flushing  nmethod 0x0000021a8066f590
Event: 26.237 Thread 0x0000021affb65a80 flushing  nmethod 0x0000021a8078a410
Event: 26.237 Thread 0x0000021affb65a80 flushing  nmethod 0x0000021a809ef810
Event: 26.237 Thread 0x0000021affb65a80 flushing  nmethod 0x0000021a87dc1010
Event: 26.237 Thread 0x0000021affb65a80 flushing  nmethod 0x0000021a80000490
Event: 26.237 Thread 0x0000021affb65a80 flushing  nmethod 0x0000021a800ba490
Event: 26.237 Thread 0x0000021affb65a80 flushing  nmethod 0x0000021a800bae90
Event: 26.237 Thread 0x0000021affb65a80 flushing  nmethod 0x0000021a800bfb90
Event: 26.237 Thread 0x0000021affb65a80 flushing  nmethod 0x0000021a80188e10
Event: 26.237 Thread 0x0000021affb65a80 flushing  nmethod 0x0000021a8036cd10
Event: 26.237 Thread 0x0000021affb65a80 flushing  nmethod 0x0000021a8036e790

Events (20 events):
Event: 20.604 Thread 0x0000021add2e7e80 Thread added: 0x0000021add2e8ba0
Event: 20.697 Thread 0x0000021add2e8510 Thread added: 0x0000021add2e9230
Event: 20.807 Thread 0x0000021add2e7e80 Thread added: 0x0000021add2e9f50
Event: 22.816 Thread 0x0000021ad9482150 Thread added: 0x0000021add2ec020
Event: 23.339 Thread 0x0000021affb94d50 Thread added: 0x0000021adb9da670
Event: 23.432 Thread 0x0000021ad9482150 Thread added: 0x0000021add2eda60
Event: 23.434 Thread 0x0000021ad9482150 Thread added: 0x0000021add2ecd40
Event: 23.450 Thread 0x0000021add2ecd40 Thread added: 0x0000021add2ea5e0
Event: 23.460 Thread 0x0000021add2eda60 Thread exited: 0x0000021add2eda60
Event: 23.461 Thread 0x0000021add2ea5e0 Thread exited: 0x0000021add2ea5e0
Event: 23.461 Thread 0x0000021add2ecd40 Thread exited: 0x0000021add2ecd40
Event: 23.486 Thread 0x0000021ad9482150 Thread added: 0x0000021add2ecd40
Event: 23.487 Thread 0x0000021ad9482150 Thread added: 0x0000021add2ed3d0
Event: 23.620 Thread 0x0000021add2ec020 Thread exited: 0x0000021add2ec020
Event: 25.168 Thread 0x0000021adb9da670 Thread exited: 0x0000021adb9da670
Event: 25.884 Thread 0x0000021affb94d50 Thread added: 0x0000021adb9da670
Event: 26.274 Thread 0x0000021ad9482150 Thread added: 0x0000021add2ea5e0
Event: 26.275 Thread 0x0000021add2ea5e0 Thread exited: 0x0000021add2ea5e0
Event: 28.213 Thread 0x0000021adb9da670 Thread exited: 0x0000021adb9da670
Event: 54.913 Thread 0x0000021ad9482150 Thread added: 0x0000021add2ea5e0


Dynamic libraries:
0x00007ff76a560000 - 0x00007ff76a56e000 	C:\USERS\LANGL\APPDATA\LOCAL\MICROSOFT\VISUALSTUDIO\17.0_DD0FA730\EXTENSIONS\WLMTHUGS.4I2\Sloop\jre\bin\java.exe
0x00007ffa86480000 - 0x00007ffa866e6000 	C:\WINDOWS\SYSTEM32\ntdll.dll
0x00007ffa85960000 - 0x00007ffa85a29000 	C:\WINDOWS\System32\KERNEL32.DLL
0x00007ffa83860000 - 0x00007ffa83c5e000 	C:\WINDOWS\System32\KERNELBASE.dll
0x00007ffa84050000 - 0x00007ffa8419c000 	C:\WINDOWS\System32\ucrtbase.dll
0x00007ff980860000 - 0x00007ff980878000 	C:\USERS\LANGL\APPDATA\LOCAL\MICROSOFT\VISUALSTUDIO\17.0_DD0FA730\EXTENSIONS\WLMTHUGS.4I2\Sloop\jre\bin\jli.dll
0x00007ffa84f30000 - 0x00007ffa850f7000 	C:\WINDOWS\System32\USER32.dll
0x00007ffa83ea0000 - 0x00007ffa83ec7000 	C:\WINDOWS\System32\win32u.dll
0x00007ffa855e0000 - 0x00007ffa8560b000 	C:\WINDOWS\System32\GDI32.dll
0x00007ffa836a0000 - 0x00007ffa837ca000 	C:\WINDOWS\System32\gdi32full.dll
0x00007ffa83c70000 - 0x00007ffa83d13000 	C:\WINDOWS\System32\msvcp_win.dll
0x00007ff96be60000 - 0x00007ff96be7e000 	C:\USERS\LANGL\APPDATA\LOCAL\MICROSOFT\VISUALSTUDIO\17.0_DD0FA730\EXTENSIONS\WLMTHUGS.4I2\Sloop\jre\bin\VCRUNTIME140.dll
0x00007ffa60d40000 - 0x00007ffa60fd2000 	C:\WINDOWS\WinSxS\amd64_microsoft.windows.common-controls_6595b64144ccf1df_6.0.26100.8875_none_3e0d5d42e32fe9dd\COMCTL32.dll
0x00007ffa86390000 - 0x00007ffa86439000 	C:\WINDOWS\System32\msvcrt.dll
0x00007ffa84240000 - 0x00007ffa84272000 	C:\WINDOWS\System32\IMM32.DLL
0x00007ffa16520000 - 0x00007ffa1652c000 	C:\USERS\LANGL\APPDATA\LOCAL\MICROSOFT\VISUALSTUDIO\17.0_DD0FA730\EXTENSIONS\WLMTHUGS.4I2\Sloop\jre\bin\vcruntime140_1.dll
0x00007ff967f70000 - 0x00007ff967ffd000 	C:\USERS\LANGL\APPDATA\LOCAL\MICROSOFT\VISUALSTUDIO\17.0_DD0FA730\EXTENSIONS\WLMTHUGS.4I2\Sloop\jre\bin\msvcp140.dll
0x00007ff961dd0000 - 0x00007ff962b71000 	C:\USERS\LANGL\APPDATA\LOCAL\MICROSOFT\VISUALSTUDIO\17.0_DD0FA730\EXTENSIONS\WLMTHUGS.4I2\Sloop\jre\bin\server\jvm.dll
0x00007ffa85ab0000 - 0x00007ffa85b67000 	C:\WINDOWS\System32\ADVAPI32.dll
0x00007ffa862e0000 - 0x00007ffa8638a000 	C:\WINDOWS\System32\sechost.dll
0x00007ffa85610000 - 0x00007ffa85728000 	C:\WINDOWS\System32\RPCRT4.dll
0x00007ffa841b0000 - 0x00007ffa84230000 	C:\WINDOWS\System32\WS2_32.dll
0x00007ffa821e0000 - 0x00007ffa8223e000 	C:\WINDOWS\SYSTEM32\POWRPROF.dll
0x00007ffa73f00000 - 0x00007ffa73f36000 	C:\WINDOWS\SYSTEM32\WINMM.dll
0x00007ffa7b460000 - 0x00007ffa7b46b000 	C:\WINDOWS\SYSTEM32\VERSION.dll
0x00007ffa821c0000 - 0x00007ffa821d4000 	C:\WINDOWS\SYSTEM32\UMPDC.dll
0x00007ffa824a0000 - 0x00007ffa824bb000 	C:\WINDOWS\SYSTEM32\kernel.appcore.dll
0x00007ffa16320000 - 0x00007ffa1632a000 	C:\USERS\LANGL\APPDATA\LOCAL\MICROSOFT\VISUALSTUDIO\17.0_DD0FA730\EXTENSIONS\WLMTHUGS.4I2\Sloop\jre\bin\jimage.dll
0x00007ffa80b00000 - 0x00007ffa80d42000 	C:\WINDOWS\SYSTEM32\DBGHELP.DLL
0x00007ffa85dd0000 - 0x00007ffa86153000 	C:\WINDOWS\System32\combase.dll
0x00007ffa85730000 - 0x00007ffa85809000 	C:\WINDOWS\System32\OLEAUT32.dll
0x00007ffa6c150000 - 0x00007ffa6c18b000 	C:\WINDOWS\SYSTEM32\dbgcore.DLL
0x00007ffa83de0000 - 0x00007ffa83e8c000 	C:\WINDOWS\System32\bcryptPrimitives.dll
0x00007ff96adb0000 - 0x00007ff96add0000 	C:\USERS\LANGL\APPDATA\LOCAL\MICROSOFT\VISUALSTUDIO\17.0_DD0FA730\EXTENSIONS\WLMTHUGS.4I2\Sloop\jre\bin\java.dll
0x00007ffa84790000 - 0x00007ffa84f22000 	C:\WINDOWS\System32\SHELL32.dll
0x00007ffa81130000 - 0x00007ffa819c2000 	C:\WINDOWS\SYSTEM32\windows.storage.dll
0x00007ffa86160000 - 0x00007ffa86257000 	C:\WINDOWS\System32\SHCORE.dll
0x00007ffa85a40000 - 0x00007ffa85aa7000 	C:\WINDOWS\System32\shlwapi.dll
0x00007ffa835c0000 - 0x00007ffa835e9000 	C:\WINDOWS\SYSTEM32\profapi.dll
0x00007ff967b20000 - 0x00007ff967bf7000 	C:\USERS\LANGL\APPDATA\LOCAL\MICROSOFT\VISUALSTUDIO\17.0_DD0FA730\EXTENSIONS\WLMTHUGS.4I2\Sloop\jre\bin\jsvml.dll
0x00007ffa15fe0000 - 0x00007ffa15ff0000 	C:\Users\langl\AppData\Local\Microsoft\VisualStudio\17.0_dd0fa730\Extensions\wlmthugs.4i2\Sloop\jre\bin\net.dll
0x00007ffa7c4e0000 - 0x00007ffa7c607000 	C:\WINDOWS\SYSTEM32\WINHTTP.dll
0x00007ffa82a50000 - 0x00007ffa82abc000 	C:\WINDOWS\system32\mswsock.dll
0x00007ff96a120000 - 0x00007ff96a136000 	C:\Users\langl\AppData\Local\Microsoft\VisualStudio\17.0_dd0fa730\Extensions\wlmthugs.4i2\Sloop\jre\bin\nio.dll
0x00007ff968c10000 - 0x00007ff968c28000 	C:\Users\langl\AppData\Local\Microsoft\VisualStudio\17.0_dd0fa730\Extensions\wlmthugs.4i2\Sloop\jre\bin\zip.dll
0x00007ffa0f8c0000 - 0x00007ffa0f8d0000 	C:\USERS\LANGL\APPDATA\LOCAL\MICROSOFT\VISUALSTUDIO\17.0_DD0FA730\EXTENSIONS\WLMTHUGS.4I2\Sloop\jre\bin\verify.dll
0x00007ffa81e30000 - 0x00007ffa81f86000 	C:\WINDOWS\SYSTEM32\DNSAPI.dll
0x00007ffa827e0000 - 0x00007ffa827ed000 	C:\WINDOWS\SYSTEM32\DSPARSE.dll
0x00007ffa81da0000 - 0x00007ffa81dd3000 	C:\WINDOWS\SYSTEM32\IPHLPAPI.DLL
0x00007ffa858a0000 - 0x00007ffa858aa000 	C:\WINDOWS\System32\NSI.dll
0x00007ffa7b450000 - 0x00007ffa7b45b000 	C:\Windows\System32\rasadhlp.dll
0x00007ffa7c7f0000 - 0x00007ffa7c876000 	C:\WINDOWS\System32\fwpuclnt.dll
0x00007ffa0f9f0000 - 0x00007ffa0f9f9000 	C:\Users\langl\AppData\Local\Microsoft\VisualStudio\17.0_dd0fa730\Extensions\wlmthugs.4i2\Sloop\jre\bin\extnet.dll
0x00007ffa82d50000 - 0x00007ffa82d6b000 	C:\WINDOWS\SYSTEM32\CRYPTSP.dll
0x00007ffa82400000 - 0x00007ffa82439000 	C:\WINDOWS\system32\rsaenh.dll
0x00007ffa82b10000 - 0x00007ffa82b42000 	C:\WINDOWS\SYSTEM32\USERENV.dll
0x00007ffa83590000 - 0x00007ffa835ba000 	C:\WINDOWS\SYSTEM32\bcrypt.dll
0x00007ffa82d70000 - 0x00007ffa82d7c000 	C:\WINDOWS\SYSTEM32\CRYPTBASE.dll
0x00007ffa0f140000 - 0x00007ffa0f14e000 	C:\Users\langl\AppData\Local\Microsoft\VisualStudio\17.0_dd0fa730\Extensions\wlmthugs.4i2\Sloop\jre\bin\sunmscapi.dll
0x00007ffa83ed0000 - 0x00007ffa84048000 	C:\WINDOWS\System32\CRYPT32.dll
0x00007ffa82f90000 - 0x00007ffa82fc0000 	C:\WINDOWS\SYSTEM32\ncrypt.dll
0x00007ffa82f40000 - 0x00007ffa82f7f000 	C:\WINDOWS\SYSTEM32\NTASN1.dll
0x00007ffa17870000 - 0x00007ffa17878000 	C:\WINDOWS\system32\wshunix.dll
0x00007ffa68b20000 - 0x00007ffa68b3d000 	C:\Users\langl\AppData\Local\Temp\sonarsource-cfamily-jni13258786138979117024.dll
0x00007ffa67a10000 - 0x00007ffa67a1a000 	C:\Users\langl\AppData\Local\Microsoft\VisualStudio\17.0_dd0fa730\Extensions\wlmthugs.4i2\Sloop\jre\bin\management.dll
0x00007ffa67a00000 - 0x00007ffa67a0c000 	C:\Users\langl\AppData\Local\Microsoft\VisualStudio\17.0_dd0fa730\Extensions\wlmthugs.4i2\Sloop\jre\bin\management_ext.dll
0x00007ffa85b70000 - 0x00007ffa85b78000 	C:\WINDOWS\System32\PSAPI.DLL

JVMTI agents: none

dbghelp: loaded successfully - version: 4.0.5 - missing functions: none
symbol engine: initialized successfully - sym options: 0x614 - pdb path: .;C:\USERS\LANGL\APPDATA\LOCAL\MICROSOFT\VISUALSTUDIO\17.0_DD0FA730\EXTENSIONS\WLMTHUGS.4I2\Sloop\jre\bin;C:\WINDOWS\SYSTEM32;C:\WINDOWS\WinSxS\amd64_microsoft.windows.common-controls_6595b64144ccf1df_6.0.26100.8875_none_3e0d5d42e32fe9dd;C:\USERS\LANGL\APPDATA\LOCAL\MICROSOFT\VISUALSTUDIO\17.0_DD0FA730\EXTENSIONS\WLMTHUGS.4I2\Sloop\jre\bin\server;C:\Users\langl\AppData\Local\Temp

VM Arguments:
java_command: org.sonarsource.sonarlint.core.backend.cli.SonarLintServerCli
java_class_path (initial): C:\USERS\LANGL\APPDATA\LOCAL\MICROSOFT\VISUALSTUDIO\17.0_DD0FA730\EXTENSIONS\WLMTHUGS.4I2\Sloop\lib\annotations-13.0.jar;C:\USERS\LANGL\APPDATA\LOCAL\MICROSOFT\VISUALSTUDIO\17.0_DD0FA730\EXTENSIONS\WLMTHUGS.4I2\Sloop\lib\ayza-10.0.5.jar;C:\USERS\LANGL\APPDATA\LOCAL\MICROSOFT\VISUALSTUDIO\17.0_DD0FA730\EXTENSIONS\WLMTHUGS.4I2\Sloop\lib\bcpg-jdk18on-1.84.jar;C:\USERS\LANGL\APPDATA\LOCAL\MICROSOFT\VISUALSTUDIO\17.0_DD0FA730\EXTENSIONS\WLMTHUGS.4I2\Sloop\lib\bcprov-jdk18on-1.84.jar;C:\USERS\LANGL\APPDATA\LOCAL\MICROSOFT\VISUALSTUDIO\17.0_DD0FA730\EXTENSIONS\WLMTHUGS.4I2\Sloop\lib\bcutil-jdk18on-1.84.jar;C:\USERS\LANGL\APPDATA\LOCAL\MICROSOFT\VISUALSTUDIO\17.0_DD0FA730\EXTENSIONS\WLMTHUGS.4I2\Sloop\lib\commons-codec-1.22.0.jar;C:\USERS\LANGL\APPDATA\LOCAL\MICROSOFT\VISUALSTUDIO\17.0_DD0FA730\EXTENSIONS\WLMTHUGS.4I2\Sloop\lib\commons-compress-1.28.0.jar;C:\USERS\LANGL\APPDATA\LOCAL\MICROSOFT\VISUALSTUDIO\17.0_DD0FA730\EXTENSIONS\WLMTHUGS.4I2\Sloop\lib\commons-csv-1.14.1.jar;C:\USERS\LANGL\APPDATA\LOCAL\MICROSOFT\VISUALSTUDIO\17.0_DD0FA730\EXTENSIONS\WLMTHUGS.4I2\Sloop\lib\commons-io-2.22.0.jar;C:\USERS\LANGL\APPDATA\LOCAL\MICROSOFT\VISUALSTUDIO\17.0_DD0FA730\EXTENSIONS\WLMTHUGS.4I2\Sloop\lib\commons-lang3-3.20.0.jar;C:\USERS\LANGL\APPDATA\LOCAL\MICROSOFT\VISUALSTUDIO\17.0_DD0FA730\EXTENSIONS\WLMTHUGS.4I2\Sloop\lib\commons-text-1.15.0.jar;C:\USERS\LANGL\APPDATA\LOCAL\MICROSOFT\VISUALSTUDIO\17.0_DD0FA730\EXTENSIONS\WLMTHUGS.4I2\Sloop\lib\desidero-1.0.0.jar;C:\USERS\LANGL\APPDATA\LOCAL\MICROSOFT\VISUALSTUDIO\17.0_DD0FA730\EXTENSIONS\WLMTHUGS.4I2\Sloop\lib\error_prone_annotations-2.41.0.jar;C:\USERS\LANGL\APPDATA\LOCAL\MICROSOFT\VISUALSTUDIO\17.0_DD0FA730\EXTENSIONS\WLMTHUGS.4I2\Sloop\lib\failureaccess-1.0.3.jar;C:\USERS\LANGL\APPDATA\LOCAL\MICROSOFT\VISUALSTUDIO\17.0_DD0FA730\EXTENSIONS\WLMTHUGS.4I2\Sloop\lib\flyway-core-11.20.3.jar;C:\USERS\LANGL\APPDATA\LOCAL\MICROSOFT\VISUALSTUDIO\17.0_DD0FA730\EXTENSIONS\WLMTHUGS.4I2\Sloop\lib\git-files-blame-2.0.2.54.jar;C:\USERS\LANGL\APPDATA\LOCAL\MICROSOFT\VISUALSTUDIO\17.0_DD0FA730\EXTENSIONS\WLMTHUGS.4I2\Sloop\lib\gson-2.13.2.jar;C:\USERS\LANGL\APPDATA\LOCAL\MICROSOFT\VISUALSTUDIO\17.0_DD0FA730\EXTENSIONS\WLMTHUGS.4I2\Sloop\lib\guava-33.6.0-jre.jar;C:\USERS\LANGL\APPDATA\LOCAL\MICROSOFT\VISUALSTUDIO\17.0_DD0FA730\EXTENSIONS\WLMTHUGS.4I2\Sloop\lib\h2-2.4.240.jar;C:\USERS\LANGL\APPDATA\LOCAL\MICROSOFT\VISUALSTUDIO\17.0_DD0FA730\EXTENSIONS\WLMTHUGS.4I2\Sloop\lib\httpclient5-5.6.1.jar;C:\USERS\LANGL\APPDATA\LOCAL\MICROSOFT\VISUALSTUDIO\17.0_DD0FA730\EXTENSIONS\WLMTHUGS.4I2\Sloop\lib\httpcore5-5.4.2.jar;C:\USERS\LANGL\APPDATA\LOCAL\MICROSOFT\VISUALSTUDIO\17.0_DD0FA730\EXTENSIONS\WLMTHUGS.4I2\Sloop\lib\httpcore5-h2-5.4.jar;C:\USERS\LANGL\APPDATA\LOCAL\MICROSOFT\VISUALSTUDIO\17.0_DD0FA730\EXTENSIONS\WLMTHUGS.4I2\Sloop\lib\j2objc-annotations-3.1.jar;C:\USERS\LANGL\APPDATA\LOCAL\MICROSOFT\VISUALSTUDIO\17.0_DD0FA730\EXTENSIONS\WLMTHUGS.4I2\Sloop\lib\jackson-annotations-2.19.1.jar;C:\USERS\LANGL\APPDATA\LOCAL\MICROSOFT\VISUALSTUDIO\17.0_DD0FA730\EXTENSIONS\WLMTHUGS.4I2\Sloop\lib\jackson-core-2.19.1.jar;C:\USERS\LANGL\APPDATA\LOCAL\MICROSOFT\VISUALSTUDIO\17.0_DD0FA730\EXTENSIONS\WLMTHUGS.4I2\Sloop\lib\jackson-databind-2.19.1.jar;C:\USERS\LANGL\APPDATA\LOCAL\MICROSOFT\VISUALSTUDIO\17.0_DD0FA730\EXTENSIONS\WLMTHUGS.4I2\Sloop\lib\jakarta.annotation-api-3.0.0.jar;C:\USERS\LANGL\APPDATA\LOCAL\MICROSOFT\VISUALSTUDIO\17.0_DD0FA730\EXTENSIONS\WLMTHUGS.4I2\Sloop\lib\jakarta.inject-api-2.0.1.jar;C:\USERS\LANGL\APPDATA\LOCAL\MICROSOFT\VISUALSTUDIO\17.0_DD0FA730\EXTENSIONS\WLMTHUGS.4I2\Sloop\lib\JavaEWAH-1.2.3.jar;C:\USERS\LANGL\APPDATA\LOCAL\MICROSOFT\VISUALSTUDIO\17.0_DD0FA730\EXTENSIONS\WLMTHUGS.4I2\Sloop\lib\javax.annotation-api-1.3.2.jar;C:\USERS\LANGL\APPDATA\LOCAL\MICROSOFT\VISUALSTUDIO\17.0_DD0FA730\EXTENSIONS\WLMTHUGS.4I2\Sloop\lib\jooq-3.19.15.jar;C:\USERS\LANGL\APPDATA\LOCAL\MICROSOFT\VISUALSTUDIO\17.0_DD0FA730\EXTENSIONS\WLMTHUGS.4I2\Sloop\lib\jspecify-1.0.0.jar;C:\USERS\LANGL\APPDATA\LOCAL\MICROSOFT\VISUALSTUDIO\17.0_DD0FA730\EXTENSIONS\WLMTHUGS.4I2\Sloop\lib\jul-to-slf4j-2.0.17.jar;C:\USERS\LANGL\APPDATA\LOCAL\MICROSOFT\VISUALSTUDIO\17.0_DD0FA730\EXTENSIONS\WLMTHUGS.4I2\Sloop\lib\kotlin-logging-1.7.9.jar;C:\USERS\LANGL\APPDATA\LOCAL\MICROSOFT\VISUALSTUDIO\17.0_DD0FA730\EXTENSIONS\WLMTHUGS.4I2\Sloop\lib\kotlin-stdlib-1.9.25.jar;C:\USERS\LANGL\APPDATA\LOCAL\MICROSOFT\VISUALSTUDIO\17.0_DD0FA730\EXTENSIONS\WLMTHUGS.4I2\Sloop\lib\kotlin-stdlib-common-1.9.25.jar;C:\USERS\LANGL\APPDATA\LOCAL\MICROSOFT\VISUALSTUDIO\17.0_DD0FA730\EXTENSIONS\WLMTHUGS.4I2\Sloop\lib\laleler-1.0.0.jar;C:\USERS\LANGL\APPDATA\LOCAL\MICROSOFT\VISUALSTUDIO\17.0_DD0FA730\EXTENSIONS\WLMTHUGS.4I2\Sloop\lib\listenablefuture-9999.0-empty-to-avoid-conflict-with-guava.jar;C:\USERS\LANGL\APPDATA\LOCAL\MICROSOFT\VISUALSTUDIO\17.0_DD0FA730\EXTENSIONS\WLMTHUGS.4I2\Sloop\lib\logback-classic-1.5.32.jar;C:\USERS\LANGL\APPDATA\LOCAL\MICROSOFT\VISUALSTUDIO\17.0_DD0FA730\EXTENSIONS\WLMTHUGS.4I2\Sloop\lib\logback-core-1.5.32.jar;C:\USERS\LANGL\APPDATA\LOCAL\MICROSOFT\VISUALSTUDIO\17.0_DD0FA730\EXTENSIONS\WLMTHUGS.4I2\Sloop\lib\micrometer-commons-1.15.12.jar;C:\USERS\LANGL\APPDATA\LOCAL\MICROSOFT\VISUALSTUDIO\17.0_DD0FA730\EXTENSIONS\WLMTHUGS.4I2\Sloop\lib\micrometer-observation-1.15.12.jar;C:\USERS\LANGL\APPDATA\LOCAL\MICROSOFT\VISUALSTUDIO\17.0_DD0FA730\EXTENSIONS\WLMTHUGS.4I2\Sloop\lib\org.eclipse.jgit-7.5.0.202512021534-r.jar;C:\USERS\LANGL\APPDATA\LOCAL\MICROSOFT\VISUALSTUDIO\17.0_DD0FA730\EXTENSIONS\WLMTHUGS.4I2\Sloop\lib\org.eclipse.lsp4j.jsonrpc-0.24.0.jar;C:\USERS\LANGL\APPDATA\LOCAL\MICROSOFT\VISUALSTUDIO\17.0_DD0FA730\EXTENSIONS\WLMTHUGS.4I2\Sloop\lib\picocli-4.7.7.jar;C:\USERS\LANGL\APPDATA\LOCAL\MICROSOFT\VISUALSTUDIO\17.0_DD0FA730\EXTENSIONS\WLMTHUGS.4I2\Sloop\lib\protobuf-java-4.34.1.jar;C:\USERS\LANGL\APPDATA\LOCAL\MICROSOFT\VISUALSTUDIO\17.0_DD0FA730\EXTENSIONS\WLMTHUGS.4I2\Sloop\lib\r2dbc-spi-1.0.0.RELEASE.jar;C:\USERS\LANGL\APPDATA\LOCAL\MICROSOFT\VISUALSTUDIO\17.0_DD0FA730\EXTENSIONS\WLMTHUGS.4I2\Sloop\lib\reactive-streams-1.0.3.jar;C:\USERS\LANGL\APPDATA\LOCAL\MICROSOFT\VISUALSTUDIO\17.0_DD0FA730\EXTENSIONS\WLMTHUGS.4I2\Sloop\lib\sentry-8.38.0.jar;C:\USERS\LANGL\APPDATA\LOCAL\MICROSOFT\VISUALSTUDIO\17.0_DD0FA730\EXTENSIONS\WLMTHUGS.4I2\Sloop\lib\slf4j-api-2.0.17.jar;C:\USERS\LANGL\APPDATA\LOCAL\MICROSOFT\VISUALSTUDIO\17.0_DD0FA730\EXTENSIONS\WLMTHUGS.4I2\Sloop\lib\sonar-channel-4.2.jar;C:\USERS\LANGL\APPDATA\LOCAL\MICROSOFT\VISUALSTUDIO\17.0_DD0FA730\EXTENSIONS\WLMTHUGS.4I2\Sloop\lib\sonar-classloader-1.2.1.2095.jar;C:\USERS\LANGL\APPDATA\LOCAL\MICROSOFT\VISUALSTUDIO\17.0_DD0FA730\EXTENSIONS\WLMTHUGS.4I2\Sloop\lib\sonar-markdown-25.3.0.104237.jar;C:\USERS\LANGL\APPDATA\LOCAL\MICROSOFT\VISUALSTUDIO\17.0_DD0FA730\EXTENSIONS\WLMTHUGS.4I2\Sloop\lib\sonar-plugin-api-13.4.2.4284.jar;C:\USERS\LANGL\APPDATA\LOCAL\MICROSOFT\VISUALSTUDIO\17.0_DD0FA730\EXTENSIONS\WLMTHUGS.4I2\Sloop\lib\sonar-scanner-protocol-9.9.0.65466.jar;C:\USERS\LANGL\APPDATA\LOCAL\MICROSOFT\VISUALSTUDIO\17.0_DD0FA730\EXTENSIONS\WLMTHUGS.4I2\Sloop\lib\sonarlint-analysis-engine-11.6.0.85952.jar;C:\USERS\LANGL\APPDATA\LOCAL\MICROSOFT\VISUALSTUDIO\17.0_DD0FA730\EXTENSIONS\WLMTHUGS.4I2\Sloop\lib\sonarlint-backend-cli-11.6.0.85952.jar;C:\USERS\LANGL\APPDATA\LOCAL\MICROSOFT\VISUALSTUDIO\17.0_DD0FA730\EXTENSIONS\WLMTHUGS.4I2\Sloop\lib\sonarlint-commons-11.6.0.85952.jar;C:\USERS\LANGL\APPDATA\LOCAL\MICROSOFT\VISUALSTUDIO\17.0_DD0FA730\EXTENSIONS\WLMTHUGS.4I2\Sloop\lib\sonarlint-core-11.6.0.85952.jar;C:\USERS\LANGL\APPDATA\LOCAL\MICROSOFT\VISUALSTUDIO\17.0_DD0FA730\EXTENSIONS\WLMTHUGS.4I2\Sloop\lib\sonarlint-http-11.6.0.85952.jar;C:\USERS\LANGL\APPDATA\LOCAL\MICROSOFT\VISUALSTUDIO\17.0_DD0FA730\EXTENSIONS\WLMTHUGS.4I2\Sloop\lib\sonarlint-plugin-api-11.6.0.85952.jar;C:\USERS\LANGL\APPDATA\LOCAL\MICROSOFT\VISUALSTUDIO\17.0_DD0FA730\EXTENSIONS\WLMTHUGS.4I2\Sloop\lib\sonarlint-plugin-commons-11.6.0.85952.jar;C:\USERS\LANGL\APPDATA\LOCAL\MICROSOFT\VISUALSTUDIO\17.0_DD0FA730\EXTENSIONS\WLMTHUGS.4I2\Sloop\lib\sonarlint-rpc-impl-11.6.0.85952.jar;C:\USERS\LANGL\APPDATA\LOCAL\MICROSOFT\VISUALSTUDIO\17.0_DD0FA730\EXTENSIONS\WLMTHUGS.4I2\Sloop\lib\sonarlint-rpc-protocol-11.6.0.85952.jar;C:\USERS\LANGL\APPDATA\LOCAL\MICROSOFT\VISUALSTUDIO\17.0_DD0FA730\EXTENSIONS\WLMTHUGS.4I2\Sloop\lib\sonarlint-rule-extractor-11.6.0.85952.jar;C:\USERS\LANGL\APPDATA\LOCAL\MICROSOFT\VISUALSTUDIO\17.0_DD0FA730\EXTENSIONS\WLMTHUGS.4I2\Sloop\lib\sonarlint-server-api-11.6.0.85952.jar;C:\USERS\LANGL\APPDATA\LOCAL\MICROSOFT\VISUALSTUDIO\17.0_DD0FA730\EXTENSIONS\WLMTHUGS.4I2\Sloop\lib\sonarlint-server-connection-11.6.0.85952.jar;C:\USERS\LANGL\APPDATA\LOCAL\MICROSOFT\VISUALSTUDIO\17.0_DD0FA730\EXTENSIONS\WLMTHUGS.4I2\Sloop\lib\sonarlint-telemetry-11.6.0.85952.jar;C:\USERS\LANGL\APPDATA\LOCAL\MICROSOFT\VISUALSTUDIO\17.0_DD0FA730\EXTENSIONS\WLMTHUGS.4I2\Sloop\lib\spring-aop-6.2.19.jar;C:\USERS\LANGL\APPDATA\LOCAL\MICROSOFT\VISUALSTUDIO\17.0_DD0FA730\EXTENSIONS\WLMTHUGS.4I2\Sloop\lib\spring-beans-6.2.19.jar;C:\USERS\LANGL\APPDATA\LOCAL\MICROSOFT\VISUALSTUDIO\17.0_DD0FA730\EXTENSIONS\WLMTHUGS.4I2\Sloop\lib\spring-context-6.2.19.jar;C:\USERS\LANGL\APPDATA\LOCAL\MICROSOFT\VISUALSTUDIO\17.0_DD0FA730\EXTENSIONS\WLMTHUGS.4I2\Sloop\lib\spring-core-6.2.19.jar;C:\USERS\LANGL\APPDATA\LOCAL\MICROSOFT\VISUALSTUDIO\17.0_DD0FA730\EXTENSIONS\WLMTHUGS.4I2\Sloop\lib\spring-expression-6.2.19.jar;C:\USERS\LANGL\APPDATA\LOCAL\MICROSOFT\VISUALSTUDIO\17.0_DD0FA730\EXTENSIONS\WLMTHUGS.4I2\Sloop\lib\spring-jcl-6.2.19.jar;C:\USERS\LANGL\APPDATA\LOCAL\MICROSOFT\VISUALSTUDIO\17.0_DD0FA730\EXTENSIONS\WLMTHUGS.4I2\Sloop\lib\sude-2.0.2.jar;C:\USERS\LANGL\APPDATA\LOCAL\MICROSOFT\VISUALSTUDIO\17.0_DD0FA730\EXTENSIONS\WLMTHUGS.4I2\Sloop\lib\xodus-compress-2.0.1.jar;C:\USERS\LANGL\APPDATA\LOCAL\MICROSOFT\VISUALSTUDIO\17.0_DD0FA730\EXTENSIONS\WLMTHUGS.4I2\Sloop\lib\xodus-entity-store-2.0.1.jar;C:\USERS\LANGL\APPDATA\LOCAL\MICROSOFT\VISUALSTUDIO\17.0_DD0FA730\EXTENSIONS\WLMTHUGS.4I2\Sloop\lib\xodus-environment-2.0.1.jar;C:\USERS\LANGL\APPDATA\LOCAL\MICROSOFT\VISUALSTUDIO\17.0_DD0FA730\EXTENSIONS\WLMTHUGS.4I2\Sloop\lib\xodus-openAPI-2.0.1.jar;C:\USERS\LANGL\APPDATA\LOCAL\MICROSOFT\VISUALSTUDIO\17.0_DD0FA730\EXTENSIONS\WLMTHUGS.4I2\Sloop\lib\xodus-utils-2.0.1.jar;C:\USERS\LANGL\APPDATA\LOCAL\MICROSOFT\VISUALSTUDIO\17.0_DD0FA730\EXTENSIONS\WLMTHUGS.4I2\Sloop\lib\xodus-vfs-2.0.1.jar
Launcher Type: SUN_STANDARD

[Global flags]
     intx CICompilerCount                          = 12                                        {product} {ergonomic}
     uint ConcGCThreads                            = 3                                         {product} {ergonomic}
     uint G1ConcRefinementThreads                  = 13                                        {product} {ergonomic}
   size_t G1HeapRegionSize                         = 1048576                                   {product} {ergonomic}
    uintx GCDrainStackTargetSize                   = 64                                        {product} {ergonomic}
   size_t InitialHeapSize                          = 121634816                                 {product} {ergonomic}
   size_t MarkStackSize                            = 4194304                                   {product} {ergonomic}
   size_t MaxHeapSize                              = 1931476992                                {product} {ergonomic}
   size_t MaxNewSize                               = 1158676480                                {product} {ergonomic}
   size_t MinHeapDeltaBytes                        = 1048576                                   {product} {ergonomic}
   size_t MinHeapSize                              = 8388608                                   {product} {ergonomic}
    uintx NonNMethodCodeHeapSize                   = 7602480                                {pd product} {ergonomic}
    uintx NonProfiledCodeHeapSize                  = 122027880                              {pd product} {ergonomic}
    uintx ProfiledCodeHeapSize                     = 122027880                              {pd product} {ergonomic}
    uintx ReservedCodeCacheSize                    = 251658240                              {pd product} {ergonomic}
     bool SegmentedCodeCache                       = true                                      {product} {ergonomic}
   size_t SoftMaxHeapSize                          = 1931476992                             {manageable} {ergonomic}
     bool UseCompressedOops                        = true                           {product lp64_product} {ergonomic}
     bool UseG1GC                                  = true                                      {product} {ergonomic}
     bool UseLargePagesIndividualAllocation        = false                                  {pd product} {ergonomic}

Logging:
Log output configuration:
 #0: stdout all=warning uptime,level,tags foldmultilines=false
 #1: stderr all=off uptime,level,tags foldmultilines=false

Release file:
IMPLEMENTOR="Eclipse Adoptium" 
IMPLEMENTOR_VERSION="Temurin-21.0.10+7" 
JAVA_RUNTIME_VERSION="21.0.10+7-LTS" 
JAVA_VERSION="21.0.10" 
JAVA_VERSION_DATE="2026-01-20" 
LIBC="default" 
MODULES="java.base java.compiler java.datatransfer java.xml java.prefs java.desktop java.instrument java.logging java.management java.security.sasl java.naming java.rmi java.management.rmi java.net.http java.scripting java.security.jgss java.transaction.xa java.sql java.sql.rowset java.xml.crypto java.se java.smartcardio jdk.accessibility jdk.internal.jvmstat jdk.attach jdk.charsets jdk.internal.opt jdk.zipfs jdk.compiler jdk.crypto.ec jdk.crypto.cryptoki jdk.crypto.mscapi jdk.dynalink jdk.internal.ed jdk.editpad jdk.hotspot.agent jdk.httpserver jdk.incubator.vector jdk.internal.le jdk.internal.vm.ci jdk.internal.vm.compiler jdk.internal.vm.compiler.management jdk.jartool jdk.javadoc jdk.jcmd jdk.management jdk.management.agent jdk.jconsole jdk.jdeps jdk.jdwp.agent jdk.jdi jdk.jfr jdk.jlink jdk.jpackage jdk.jshell jdk.jsobject jdk.jstatd jdk.localedata jdk.management.jfr jdk.naming.dns jdk.naming.rmi jdk.net jdk.nio.mapmode jdk.random jdk.sctp jdk.security.auth jdk.security.jgss jdk.unsupported jdk.unsupported.desktop jdk.xml.dom" 
OS_ARCH="x86_64" 
OS_NAME="Windows" 
SOURCE=".:git:a633eafe0fcc" 
BUILD_SOURCE="git:458965074606f027bd5afce2cfd5c1055dea0438"
BUILD_SOURCE_REPO="https://github.com/adoptium/temurin-build.git"
SOURCE_REPO="https://github.com/adoptium/jdk21u.git"
FULL_VERSION="21.0.10+7-LTS"
SEMANTIC_VERSION="21.0.10+7"
BUILD_INFO="OS: Windows Server 2022 Version: 10.0"
JVM_VARIANT="Hotspot"
JVM_VERSION="21.0.10+7-LTS"
IMAGE_TYPE="JRE"

Environment Variables:
PATH=C:\Windows\system32;C:\Windows;C:\Windows\System32\Wbem;C:\Windows\System32\WindowsPowerShell\v1.0\;C:\Windows\System32\OpenSSH\;C:\Program Files (x86)\NVIDIA Corporation\PhysX\Common;C:\Program Files\NVIDIA Corporation\NVIDIA NvDLISR;C:\Program Files\Microsoft SQL Server\150\Tools\Binn\;C:\Program Files\Microsoft SQL Server\Client SDK\ODBC\170\Tools\Binn\;C:\Program Files\TortoiseSVN\bin;C:\WINDOWS\system32;C:\WINDOWS;C:\WINDOWS\System32\Wbem;C:\WINDOWS\System32\WindowsPowerShell\v1.0\;C:\WINDOWS\System32\OpenSSH\;C:\Program Files (x86)\Windows Kits\10\Windows Performance Toolkit\;C:\Program Files\Git\cmd;C:\Program Files\dotnet\;C:\Users\langl\AppData\Local\Microsoft\WindowsApps;C:\ProgramData\langl\GitHubDesktop\bin;C:\Users\langl\.dotnet\tools
USERNAME=langl
OS=Windows_NT
PROCESSOR_IDENTIFIER=AMD64 Family 25 Model 116 Stepping 1, AuthenticAMD
TMP=C:\Users\langl\AppData\Local\Temp
TEMP=C:\Users\langl\AppData\Local\Temp




Periodic native trim disabled

---------------  S Y S T E M  ---------------

OS:
 Windows 11 , 64 bit Build 26100 (10.0.26100.8875)
OS uptime: 8 days 10:00 hours
Hyper-V role detected

CPU: total 16 (initial active 16) (16 cores per cpu, 2 threads per core) family 25 model 116 stepping 1 microcode 0xa70410a, cx8, cmov, fxsr, ht, mmx, 3dnowpref, sse, sse2, sse3, ssse3, sse4a, sse4.1, sse4.2, popcnt, lzcnt, tsc, tscinvbit, avx, avx2, aes, erms, clmul, bmi1, bmi2, adx, avx512f, avx512dq, avx512cd, avx512bw, avx512vl, sha, fma, vzeroupper, avx512_vpopcntdq, avx512_vpclmulqdq, avx512_vaes, avx512_vnni, clflush, clflushopt, avx512_vbmi2, avx512_vbmi, hv, rdtscp, rdpid, fsrm, gfni, avx512_bitalg, f16c, cet_ss, avx512_ifma
Processor Information for processor 0
  Max Mhz: 3801, Current Mhz: 3801, Mhz Limit: 3801
Processor Information for processor 1
  Max Mhz: 3801, Current Mhz: 3040, Mhz Limit: 3801
Processor Information for processor 2
  Max Mhz: 3801, Current Mhz: 3040, Mhz Limit: 3801
Processor Information for processor 3
  Max Mhz: 3801, Current Mhz: 3040, Mhz Limit: 3801
Processor Information for processor 4
  Max Mhz: 3801, Current Mhz: 3801, Mhz Limit: 3801
Processor Information for processor 5
  Max Mhz: 3801, Current Mhz: 3801, Mhz Limit: 3801
Processor Information for processor 6
  Max Mhz: 3801, Current Mhz: 3801, Mhz Limit: 3801
Processor Information for processor 7
  Max Mhz: 3801, Current Mhz: 3801, Mhz Limit: 3801
Processor Information for processor 8
  Max Mhz: 3801, Current Mhz: 3801, Mhz Limit: 3801
Processor Information for processor 9
  Max Mhz: 3801, Current Mhz: 3040, Mhz Limit: 3801
Processor Information for processor 10
  Max Mhz: 3801, Current Mhz: 3801, Mhz Limit: 3801
Processor Information for processor 11
  Max Mhz: 3801, Current Mhz: 3801, Mhz Limit: 3801
Processor Information for processor 12
  Max Mhz: 3801, Current Mhz: 3801, Mhz Limit: 3801
Processor Information for processor 13
  Max Mhz: 3801, Current Mhz: 3040, Mhz Limit: 3801
Processor Information for processor 14
  Max Mhz: 3801, Current Mhz: 3801, Mhz Limit: 3801
Processor Information for processor 15
  Max Mhz: 3801, Current Mhz: 3801, Mhz Limit: 3801

Memory: 4k page, system-wide physical 7362M (59M free)
TotalPageFile size 29890M (AvailPageFile size 174M)
current process WorkingSet (physical memory assigned to process): 214M, peak: 297M
current process commit charge ("private bytes"): 440M, peak: 783M

vm_info: OpenJDK 64-Bit Server VM (21.0.10+7-LTS) for windows-amd64 JRE (21.0.10+7-LTS), built on 2026-01-20T00:00:00Z by "admin" with MS VC++ 17.12 (VS2022)

END.
